Archive member included to satisfy reference by file (symbol)

e:/nxp/s32ds/build_tools/gcc_v10.2/gcc-10.2-arm32-eabi/bin/../lib/gcc/arm-none-eabi/10.2.0/../../../../arm-none-eabi/lib/thumb/v7e-m/nofp\libc.a(lib_a-exit.o)
                              e:/nxp/s32ds/build_tools/gcc_v10.2/gcc-10.2-arm32-eabi/bin/../lib/gcc/arm-none-eabi/10.2.0/../../../../arm-none-eabi/lib/thumb/v7e-m/nofp/rdimon-crt0.o (exit)
e:/nxp/s32ds/build_tools/gcc_v10.2/gcc-10.2-arm32-eabi/bin/../lib/gcc/arm-none-eabi/10.2.0/../../../../arm-none-eabi/lib/thumb/v7e-m/nofp\libc.a(lib_a-impure.o)
                              e:/nxp/s32ds/build_tools/gcc_v10.2/gcc-10.2-arm32-eabi/bin/../lib/gcc/arm-none-eabi/10.2.0/../../../../arm-none-eabi/lib/thumb/v7e-m/nofp\libc.a(lib_a-exit.o) (_global_impure_ptr)
e:/nxp/s32ds/build_tools/gcc_v10.2/gcc-10.2-arm32-eabi/bin/../lib/gcc/arm-none-eabi/10.2.0/../../../../arm-none-eabi/lib/thumb/v7e-m/nofp\libc.a(lib_a-init.o)
                              e:/nxp/s32ds/build_tools/gcc_v10.2/gcc-10.2-arm32-eabi/bin/../lib/gcc/arm-none-eabi/10.2.0/../../../../arm-none-eabi/lib/thumb/v7e-m/nofp/rdimon-crt0.o (__libc_init_array)
e:/nxp/s32ds/build_tools/gcc_v10.2/gcc-10.2-arm32-eabi/bin/../lib/gcc/arm-none-eabi/10.2.0/../../../../arm-none-eabi/lib/thumb/v7e-m/nofp\libc.a(lib_a-memset.o)
                              e:/nxp/s32ds/build_tools/gcc_v10.2/gcc-10.2-arm32-eabi/bin/../lib/gcc/arm-none-eabi/10.2.0/../../../../arm-none-eabi/lib/thumb/v7e-m/nofp/rdimon-crt0.o (memset)
e:/nxp/s32ds/build_tools/gcc_v10.2/gcc-10.2-arm32-eabi/bin/../lib/gcc/arm-none-eabi/10.2.0/../../../../arm-none-eabi/lib/thumb/v7e-m/nofp\libc.a(lib_a-__call_atexit.o)
                              e:/nxp/s32ds/build_tools/gcc_v10.2/gcc-10.2-arm32-eabi/bin/../lib/gcc/arm-none-eabi/10.2.0/../../../../arm-none-eabi/lib/thumb/v7e-m/nofp\libc.a(lib_a-exit.o) (__call_exitprocs)
e:/nxp/s32ds/build_tools/gcc_v10.2/gcc-10.2-arm32-eabi/bin/../lib/gcc/arm-none-eabi/10.2.0/../../../../arm-none-eabi/lib/thumb/v7e-m/nofp\libc.a(lib_a-fini.o)
                              e:/nxp/s32ds/build_tools/gcc_v10.2/gcc-10.2-arm32-eabi/bin/../lib/gcc/arm-none-eabi/10.2.0/../../../../arm-none-eabi/lib/thumb/v7e-m/nofp\libc.a(lib_a-__call_atexit.o) (__libc_fini_array)
e:/nxp/s32ds/build_tools/gcc_v10.2/gcc-10.2-arm32-eabi/bin/../lib/gcc/arm-none-eabi/10.2.0/../../../../arm-none-eabi/lib/thumb/v7e-m/nofp\libc.a(lib_a-atexit.o)
                              e:/nxp/s32ds/build_tools/gcc_v10.2/gcc-10.2-arm32-eabi/bin/../lib/gcc/arm-none-eabi/10.2.0/../../../../arm-none-eabi/lib/thumb/v7e-m/nofp\libc.a(lib_a-__call_atexit.o) (atexit)
e:/nxp/s32ds/build_tools/gcc_v10.2/gcc-10.2-arm32-eabi/bin/../lib/gcc/arm-none-eabi/10.2.0/../../../../arm-none-eabi/lib/thumb/v7e-m/nofp\libc.a(lib_a-__atexit.o)
                              e:/nxp/s32ds/build_tools/gcc_v10.2/gcc-10.2-arm32-eabi/bin/../lib/gcc/arm-none-eabi/10.2.0/../../../../arm-none-eabi/lib/thumb/v7e-m/nofp\libc.a(lib_a-atexit.o) (__register_exitproc)
e:/nxp/s32ds/build_tools/gcc_v10.2/gcc-10.2-arm32-eabi/bin/../lib/gcc/arm-none-eabi/10.2.0/../../../../arm-none-eabi/lib/thumb/v7e-m/nofp\librdimon.a(rdimon-syscalls.o)
                              e:/nxp/s32ds/build_tools/gcc_v10.2/gcc-10.2-arm32-eabi/bin/../lib/gcc/arm-none-eabi/10.2.0/../../../../arm-none-eabi/lib/thumb/v7e-m/nofp/rdimon-crt0.o (initialise_monitor_handles)
e:/nxp/s32ds/build_tools/gcc_v10.2/gcc-10.2-arm32-eabi/bin/../lib/gcc/arm-none-eabi/10.2.0/../../../../arm-none-eabi/lib/thumb/v7e-m/nofp\librdimon.a(rdimon-_exit.o)
                              e:/nxp/s32ds/build_tools/gcc_v10.2/gcc-10.2-arm32-eabi/bin/../lib/gcc/arm-none-eabi/10.2.0/../../../../arm-none-eabi/lib/thumb/v7e-m/nofp\libc.a(lib_a-exit.o) (_exit)
e:/nxp/s32ds/build_tools/gcc_v10.2/gcc-10.2-arm32-eabi/bin/../lib/gcc/arm-none-eabi/10.2.0/../../../../arm-none-eabi/lib/thumb/v7e-m/nofp\librdimon.a(rdimon-_kill.o)
                              e:/nxp/s32ds/build_tools/gcc_v10.2/gcc-10.2-arm32-eabi/bin/../lib/gcc/arm-none-eabi/10.2.0/../../../../arm-none-eabi/lib/thumb/v7e-m/nofp\librdimon.a(rdimon-_exit.o) (_kill_shared)
e:/nxp/s32ds/build_tools/gcc_v10.2/gcc-10.2-arm32-eabi/bin/../lib/gcc/arm-none-eabi/10.2.0/../../../../arm-none-eabi/lib/thumb/v7e-m/nofp\libc.a(lib_a-errno.o)
                              e:/nxp/s32ds/build_tools/gcc_v10.2/gcc-10.2-arm32-eabi/bin/../lib/gcc/arm-none-eabi/10.2.0/../../../../arm-none-eabi/lib/thumb/v7e-m/nofp\librdimon.a(rdimon-syscalls.o) (__errno)
e:/nxp/s32ds/build_tools/gcc_v10.2/gcc-10.2-arm32-eabi/bin/../lib/gcc/arm-none-eabi/10.2.0/../../../../arm-none-eabi/lib/thumb/v7e-m/nofp\libc.a(lib_a-findfp.o)
                              e:/nxp/s32ds/build_tools/gcc_v10.2/gcc-10.2-arm32-eabi/bin/../lib/gcc/arm-none-eabi/10.2.0/../../../../arm-none-eabi/lib/thumb/v7e-m/nofp\librdimon.a(rdimon-syscalls.o) (__sinit)
[...]
Memory Configuration

Name             Origin             Length             Attributes
m_interrupts     0x00000000         0x00000400         xr
m_flash_config   0x00000400         0x00000010         xr
m_text           0x00000410         0x0007fbf0         xr
m_data           0x1fff8000         0x00008000         rw
m_data_2         0x20000000         0x00007000         rw
*default*        0x00000000         0xffffffff

Linker script and memory map

LOAD e:/nxp/s32ds/build_tools/gcc_v10.2/gcc-10.2-arm32-eabi/bin/../lib/gcc/arm-none-eabi/10.2.0/thumb/v7e-m/nofp/crti.o
LOAD e:/nxp/s32ds/build_tools/gcc_v10.2/gcc-10.2-arm32-eabi/bin/../lib/gcc/arm-none-eabi/10.2.0/thumb/v7e-m/nofp/crtbegin.o
LOAD e:/nxp/s32ds/build_tools/gcc_v10.2/gcc-10.2-arm32-eabi/bin/../lib/gcc/arm-none-eabi/10.2.0/../../../../arm-none-eabi/lib/thumb/v7e-m/nofp/rdimon-crt0.o
LOAD ./Project_Settings/Startup_Code/startup.o
LOAD ./Project_Settings/Startup_Code/startup_S32K144.o
LOAD ./Project_Settings/Startup_Code/system_S32K144.o
LOAD ./src/adc.o
LOAD ./src/led.o
LOAD ./src/main.o
LOAD ./src/software_timer.o
START GROUP
LOAD e:/nxp/s32ds/build_tools/gcc_v10.2/gcc-10.2-arm32-eabi/bin/../lib/gcc/arm-none-eabi/10.2.0/thumb/v7e-m/nofp\libgcc.a
LOAD e:/nxp/s32ds/build_tools/gcc_v10.2/gcc-10.2-arm32-eabi/bin/../lib/gcc/arm-none-eabi/10.2.0/../../../../arm-none-eabi/lib/thumb/v7e-m/nofp\libc.a
END GROUP
START GROUP
LOAD e:/nxp/s32ds/build_tools/gcc_v10.2/gcc-10.2-arm32-eabi/bin/../lib/gcc/arm-none-eabi/10.2.0/thumb/v7e-m/nofp\libgcc.a
LOAD e:/nxp/s32ds/build_tools/gcc_v10.2/gcc-10.2-arm32-eabi/bin/../lib/gcc/arm-none-eabi/10.2.0/../../../../arm-none-eabi/lib/thumb/v7e-m/nofp\libc.a
LOAD e:/nxp/s32ds/build_tools/gcc_v10.2/gcc-10.2-arm32-eabi/bin/../lib/gcc/arm-none-eabi/10.2.0/../../../../arm-none-eabi/lib/thumb/v7e-m/nofp\librdimon.a
END GROUP
LOAD e:/nxp/s32ds/build_tools/gcc_v10.2/gcc-10.2-arm32-eabi/bin/../lib/gcc/arm-none-eabi/10.2.0/thumb/v7e-m/nofp/crtend.o
LOAD e:/nxp/s32ds/build_tools/gcc_v10.2/gcc-10.2-arm32-eabi/bin/../lib/gcc/arm-none-eabi/10.2.0/thumb/v7e-m/nofp/crtn.o
                0x00000400                HEAP_SIZE = DEFINED (__heap_size__)?__heap_size__:0x400
                0x00000400                STACK_SIZE = DEFINED (__stack_size__)?__stack_size__:0x400
                0x00000400                M_VECTOR_RAM_SIZE = DEFINED (__flash_vector_table__)?0x0:0x400

.interrupts     0x00000000      0x400
                0x00000000                __VECTOR_TABLE = .
                0x00000000                __interrupts_start__ = .
                0x00000000                . = ALIGN (0x4)
 *(.isr_vector)
 .isr_vector    0x00000000      0x400 ./Project_Settings/Startup_Code/startup_S32K144.o
                0x00000000                __isr_vector
                0x00000400                __interrupts_end__ = .
                0x00000400                . = ALIGN (0x4)

.flash_config   0x00000400       0x10
                0x00000400                . = ALIGN (0x4)
 *(.FlashConfig)
 .FlashConfig   0x00000400       0x10 ./Project_Settings/Startup_Code/startup_S32K144.o
                0x00000410                . = ALIGN (0x4)

.text           0x00000410     0x13e0
                0x00000410                . = ALIGN (0x4)
 *(.text)
 .text          0x00000410       0x88 e:/nxp/s32ds/build_tools/gcc_v10.2/gcc-10.2-arm32-eabi/bin/../lib/gcc/arm-none-eabi/10.2.0/thumb/v7e-m/nofp/crtbegin.o
 .text          0x00000498       0xf8 e:/nxp/s32ds/build_tools/gcc_v10.2/gcc-10.2-arm32-eabi/bin/../lib/gcc/arm-none-eabi/10.2.0/../../../../arm-none-eabi/lib/thumb/v7e-m/nofp/rdimon-crt0.o
                0x00000498                _stack_init
                0x000004a4                _start
                0x000004a4                _mainCRTStartup
 .text          0x00000590       0x6c ./Project_Settings/Startup_Code/startup_S32K144.o
                0x00000590                Reset_Handler
                0x000005f8                DebugMon_Handler
                0x000005f8                Reserved88_IRQHandler
                0x000005f8                CAN0_ORed_IRQHandler
                0x000005f8                HardFault_Handler
                0x000005f8                Reserved86_IRQHandler
                0x000005f8                Reserved103_IRQHandler
                0x000005f8                SysTick_Handler
                0x000005f8                FTM2_Ovf_Reload_IRQHandler
                0x000005f8                Reserved50_IRQHandler
                0x000005f8                FTFC_Fault_IRQHandler
                0x000005f8                FTM0_Ch6_Ch7_IRQHandler
                0x000005f8                Reserved114_IRQHandler
                0x000005f8                PendSV_Handler
                0x000005f8                NMI_Handler
                0x000005f8                Reserved89_IRQHandler
                0x000005f8                ERM_double_fault_IRQHandler
                0x000005f8                DMA2_IRQHandler
                0x000005f8                Reserved59_IRQHandler
                0x000005f8                Reserved99_IRQHandler
                0x000005f8                FTM3_Ch6_Ch7_IRQHandler
                0x000005f8                CAN2_ORed_0_15_MB_IRQHandler
                0x000005f8                LPIT0_Ch3_IRQHandler
                0x000005f8                Reserved92_IRQHandler
                0x000005f8                FTM0_Ch4_Ch5_IRQHandler
                0x000005f8                CAN1_Error_IRQHandler
                0x000005f8                FTM3_Ch0_Ch1_IRQHandler
                0x000005f8                SWI_IRQHandler
                0x000005f8                ADC0_IRQHandler
                0x000005f8                FTM2_Ch4_Ch5_IRQHandler
                0x000005f8                UsageFault_Handler
                0x000005f8                FTM0_Ovf_Reload_IRQHandler
                0x000005f8                DefaultISR
                0x000005f8                DMA9_IRQHandler
                0x000005f8                Reserved58_IRQHandler
                0x000005f8                CAN1_ORed_0_15_MB_IRQHandler
                0x000005f8                FTM1_Ch2_Ch3_IRQHandler
                0x000005f8                DMA14_IRQHandler
                0x000005f8                Reserved82_IRQHandler
                0x000005f8                CAN0_ORed_16_31_MB_IRQHandler
                0x000005f8                LPI2C0_Slave_IRQHandler
                0x000005f8                Reserved71_IRQHandler
                0x000005f8                PORTD_IRQHandler
                0x000005f8                Reserved69_IRQHandler
                0x000005f8                PORTB_IRQHandler
                0x000005f8                Reserved70_IRQHandler
                0x000005f8                ADC1_IRQHandler
                0x000005f8                FTM2_Ch2_Ch3_IRQHandler
                0x000005f8                Reserved53_IRQHandler
                0x000005f8                DMA5_IRQHandler
                0x000005f8                RTC_IRQHandler
                0x000005f8                PDB0_IRQHandler
                0x000005f8                Reserved54_IRQHandler
                0x000005f8                FTM2_Ch6_Ch7_IRQHandler
                0x000005f8                FTM3_Ch2_Ch3_IRQHandler
                0x000005f8                FTM2_Ch0_Ch1_IRQHandler
                0x000005f8                LPSPI1_IRQHandler
                0x000005f8                LPUART1_RxTx_IRQHandler
                0x000005f8                RTC_Seconds_IRQHandler
                0x000005f8                CAN2_ORed_IRQHandler
                0x000005f8                Reserved72_IRQHandler
                0x000005f8                Reserved110_IRQHandler
                0x000005f8                DMA11_IRQHandler
                0x000005f8                Reserved107_IRQHandler
                0x000005f8                Read_Collision_IRQHandler
                0x000005f8                CAN2_Error_IRQHandler
                0x000005f8                FTFC_IRQHandler
                0x000005f8                DMA7_IRQHandler
                0x000005f8                FTM1_Ch6_Ch7_IRQHandler
                0x000005f8                Reserved105_IRQHandler
                0x000005f8                LPIT0_Ch1_IRQHandler
                0x000005f8                FTM1_Ch4_Ch5_IRQHandler
                0x000005f8                FTM3_Ovf_Reload_IRQHandler
                0x000005f8                LPUART2_RxTx_IRQHandler
                0x000005f8                LPSPI0_IRQHandler
                0x000005f8                WDOG_EWM_IRQHandler
                0x000005f8                MemManage_Handler
                0x000005f8                Reserved90_IRQHandler
                0x000005f8                Reserved83_IRQHandler
                0x000005f8                FTM0_Fault_IRQHandler
                0x000005f8                Reserved48_IRQHandler
                0x000005f8                SVC_Handler
                0x000005f8                ERM_single_fault_IRQHandler
                0x000005f8                FTM2_Fault_IRQHandler
                0x000005f8                FTM0_Ch2_Ch3_IRQHandler
                0x000005f8                DMA13_IRQHandler
                0x000005f8                FTM0_Ch0_Ch1_IRQHandler
                0x000005f8                FTM3_Fault_IRQHandler
                0x000005f8                RCM_IRQHandler
                0x000005f8                DMA3_IRQHandler
                0x000005f8                Reserved100_IRQHandler
                0x000005f8                DMA0_IRQHandler
                0x000005f8                Reserved91_IRQHandler
                0x000005f8                CAN1_ORed_IRQHandler
                0x000005f8                DMA15_IRQHandler
                0x000005f8                SCG_IRQHandler
                0x000005f8                PDB1_IRQHandler
                0x000005f8                Reserved81_IRQHandler
                0x000005f8                Reserved46_IRQHandler
                0x000005f8                Reserved45_IRQHandler
                0x000005f8                CAN0_Error_IRQHandler
                0x000005f8                Reserved112_IRQHandler
                0x000005f8                LPI2C0_Master_IRQHandler
                0x000005f8                DMA4_IRQHandler
                0x000005f8                FTM1_Fault_IRQHandler
                0x000005f8                Reserved106_IRQHandler
                0x000005f8                DMA_Error_IRQHandler
                0x000005f8                LVD_LVW_IRQHandler
                0x000005f8                LPIT0_Ch2_IRQHandler
                0x000005f8                PORTA_IRQHandler
                0x000005f8                MCM_IRQHandler
                0x000005f8                LPSPI2_IRQHandler
                0x000005f8                DMA12_IRQHandler
                0x000005f8                FTM3_Ch4_Ch5_IRQHandler
                0x000005f8                CAN0_ORed_0_15_MB_IRQHandler
                0x000005f8                PORTE_IRQHandler
                0x000005f8                LPUART0_RxTx_IRQHandler
                0x000005f8                LPTMR0_IRQHandler
                0x000005f8                BusFault_Handler
                0x000005f8                Reserved87_IRQHandler
                0x000005f8                FTM1_Ovf_Reload_IRQHandler
                0x000005f8                DMA8_IRQHandler
                0x000005f8                Reserved93_IRQHandler
                0x000005f8                DMA10_IRQHandler
                0x000005f8                CAN0_Wake_Up_IRQHandler
                0x000005f8                CMP0_IRQHandler
                0x000005f8                Reserved52_IRQHandler
                0x000005f8                PORTC_IRQHandler
                0x000005f8                DMA6_IRQHandler
                0x000005f8                FTM1_Ch0_Ch1_IRQHandler
                0x000005f8                FLEXIO_IRQHandler
                0x000005f8                DMA1_IRQHandler
                0x000005f8                Reserved113_IRQHandler
 .text          0x000005fc       0x10 e:/nxp/s32ds/build_tools/gcc_v10.2/gcc-10.2-arm32-eabi/bin/../lib/gcc/arm-none-eabi/10.2.0/../../../../arm-none-eabi/lib/thumb/v7e-m/nofp\libc.a(lib_a-strlen.o)
                0x000005fc                strlen
 *(.text*)
 .text.init_data_bss
                0x0000060c      0x128 ./Project_Settings/Startup_Code/startup.o
                0x0000060c                init_data_bss
 .text.SystemInit
                0x00000734       0x30 ./Project_Settings/Startup_Code/system_S32K144.o
                0x00000734                SystemInit
 .text.ADC_Init
                0x00000764       0x44 ./src/adc.o
                0x00000764                ADC_Init
 .text.ADC_Read_Channel
                0x000007a8       0x38 ./src/adc.o
                0x000007a8                ADC_Read_Channel
 .text.LED_Init
                0x000007e0       0x54 ./src/led.o
                0x000007e0                LED_Init
 .text.LED_SetBrightness
                0x00000834       0x20 ./src/led.o
                0x00000834                LED_SetBrightness
 .text.LED_Update
                0x00000854       0x40 ./src/led.o
                0x00000854                LED_Update
 .text.main     0x00000894       0x4a ./src/main.o
                0x00000894                main
 *fill*         0x000008de        0x2 
 .text.TIM_TimerRun
                0x000008e0       0x54 ./src/software_timer.o
 .text.TIM_ClearInterruptFlag
                0x00000934       0x2c ./src/software_timer.o
 .text.TIM_Init
                0x00000960       0xc8 ./src/software_timer.o
                0x00000960                TIM_Init
 .text.TIM_IsFlag
                0x00000a28       0x34 ./src/software_timer.o
                0x00000a28                TIM_IsFlag
 .text.TIM_SetTime
                0x00000a5c       0x3c ./src/software_timer.o
                0x00000a5c                TIM_SetTime
 .text.LPIT0_Ch0_IRQHandler
                0x00000a98       0x12 ./src/software_timer.o
                0x00000a98                LPIT0_Ch0_IRQHandler
 *fill*         0x00000aaa        0x2 
 .text.exit     0x00000aac       0x20 e:/nxp/s32ds/build_tools/gcc_v10.2/gcc-10.2-arm32-eabi/bin/../lib/gcc/arm-none-eabi/10.2.0/../../../../arm-none-eabi/lib/thumb/v7e-m/nofp\libc.a(lib_a-exit.o)
                0x00000aac                exit
 .text.__libc_init_array
                0x00000acc       0x48 e:/nxp/s32ds/build_tools/gcc_v10.2/gcc-10.2-arm32-eabi/bin/../lib/gcc/arm-none-eabi/10.2.0/../../../../arm-none-eabi/lib/thumb/v7e-m/nofp\libc.a(lib_a-init.o)
                0x00000acc                __libc_init_array
 .text.memset   0x00000b14       0x10 e:/nxp/s32ds/build_tools/gcc_v10.2/gcc-10.2-arm32-eabi/bin/../lib/gcc/arm-none-eabi/10.2.0/../../../../arm-none-eabi/lib/thumb/v7e-m/nofp\libc.a(lib_a-memset.o)
                0x00000b14                memset
 .text.startup.register_fini
                0x00000b24       0x14 e:/nxp/s32ds/build_tools/gcc_v10.2/gcc-10.2-arm32-eabi/bin/../lib/gcc/arm-none-eabi/10.2.0/../../../../arm-none-eabi/lib/thumb/v7e-m/nofp\libc.a(lib_a-__call_atexit.o)
 .text.__call_exitprocs
                0x00000b38       0xa4 e:/nxp/s32ds/build_tools/gcc_v10.2/gcc-10.2-arm32-eabi/bin/../lib/gcc/arm-none-eabi/10.2.0/../../../../arm-none-eabi/lib/thumb/v7e-m/nofp\libc.a(lib_a-__call_atexit.o)
                0x00000b38                __call_exitprocs
 .text.__libc_fini_array
                0x00000bdc       0x28 e:/nxp/s32ds/build_tools/gcc_v10.2/gcc-10.2-arm32-eabi/bin/../lib/gcc/arm-none-eabi/10.2.0/../../../../arm-none-eabi/lib/thumb/v7e-m/nofp\libc.a(lib_a-fini.o)
                0x00000bdc                __libc_fini_array
 .text.atexit   0x00000c04        0xc e:/nxp/s32ds/build_tools/gcc_v10.2/gcc-10.2-arm32-eabi/bin/../lib/gcc/arm-none-eabi/10.2.0/../../../../arm-none-eabi/lib/thumb/v7e-m/nofp\libc.a(lib_a-atexit.o)
                0x00000c04                atexit
 .text.__register_exitproc
                0x00000c10       0x64 e:/nxp/s32ds/build_tools/gcc_v10.2/gcc-10.2-arm32-eabi/bin/../lib/gcc/arm-none-eabi/10.2.0/../../../../arm-none-eabi/lib/thumb/v7e-m/nofp\libc.a(lib_a-__atexit.o)
                0x00000c10                __register_exitproc
 .text.findslot
                0x00000c74       0x34 e:/nxp/s32ds/build_tools/gcc_v10.2/gcc-10.2-arm32-eabi/bin/../lib/gcc/arm-none-eabi/10.2.0/../../../../arm-none-eabi/lib/thumb/v7e-m/nofp\librdimon.a(rdimon-syscalls.o)
 .text.error    0x00000ca8       0x1c e:/nxp/s32ds/build_tools/gcc_v10.2/gcc-10.2-arm32-eabi/bin/../lib/gcc/arm-none-eabi/10.2.0/../../../../arm-none-eabi/lib/thumb/v7e-m/nofp\librdimon.a(rdimon-syscalls.o)
 .text.checkerror
                0x00000cc4        0xa e:/nxp/s32ds/build_tools/gcc_v10.2/gcc-10.2-arm32-eabi/bin/../lib/gcc/arm-none-eabi/10.2.0/../../../../arm-none-eabi/lib/thumb/v7e-m/nofp\librdimon.a(rdimon-syscalls.o)
 .text._swiread
                0x00000cce       0x20 e:/nxp/s32ds/build_tools/gcc_v10.2/gcc-10.2-arm32-eabi/bin/../lib/gcc/arm-none-eabi/10.2.0/../../../../arm-none-eabi/lib/thumb/v7e-m/nofp\librdimon.a(rdimon-syscalls.o)
                0x00000cce                _swiread
 .text._read    0x00000cee       0x34 e:/nxp/s32ds/build_tools/gcc_v10.2/gcc-10.2-arm32-eabi/bin/../lib/gcc/arm-none-eabi/10.2.0/../../../../arm-none-eabi/lib/thumb/v7e-m/nofp\librdimon.a(rdimon-syscalls.o)
                0x00000cee                _read
 .text._swilseek
                0x00000d22       0x78 e:/nxp/s32ds/build_tools/gcc_v10.2/gcc-10.2-arm32-eabi/bin/../lib/gcc/arm-none-eabi/10.2.0/../../../../arm-none-eabi/lib/thumb/v7e-m/nofp\librdimon.a(rdimon-syscalls.o)
                0x00000d22                _swilseek
 .text._lseek   0x00000d9a        0x4 e:/nxp/s32ds/build_tools/gcc_v10.2/gcc-10.2-arm32-eabi/bin/../lib/gcc/arm-none-eabi/10.2.0/../../../../arm-none-eabi/lib/thumb/v7e-m/nofp\librdimon.a(rdimon-syscalls.o)
                0x00000d9a                _lseek
 .text._swiwrite
                0x00000d9e       0x20 e:/nxp/s32ds/build_tools/gcc_v10.2/gcc-10.2-arm32-eabi/bin/../lib/gcc/arm-none-eabi/10.2.0/../../../../arm-none-eabi/lib/thumb/v7e-m/nofp\librdimon.a(rdimon-syscalls.o)
                0x00000d9e                _swiwrite
 .text._write   0x00000dbe       0x40 e:/nxp/s32ds/build_tools/gcc_v10.2/gcc-10.2-arm32-eabi/bin/../lib/gcc/arm-none-eabi/10.2.0/../../../../arm-none-eabi/lib/thumb/v7e-m/nofp\librdimon.a(rdimon-syscalls.o)
                0x00000dbe                _write
 .text._swiclose
                0x00000dfe       0x1a e:/nxp/s32ds/build_tools/gcc_v10.2/gcc-10.2-arm32-eabi/bin/../lib/gcc/arm-none-eabi/10.2.0/../../../../arm-none-eabi/lib/thumb/v7e-m/nofp\librdimon.a(rdimon-syscalls.o)
                0x00000dfe                _swiclose
 .text._close   0x00000e18       0x4c e:/nxp/s32ds/build_tools/gcc_v10.2/gcc-10.2-arm32-eabi/bin/../lib/gcc/arm-none-eabi/10.2.0/../../../../arm-none-eabi/lib/thumb/v7e-m/nofp\librdimon.a(rdimon-syscalls.o)
                0x00000e18                _close
 .text._sbrk    0x00000e64       0x48 e:/nxp/s32ds/build_tools/gcc_v10.2/gcc-10.2-arm32-eabi/bin/../lib/gcc/arm-none-eabi/10.2.0/../../../../arm-none-eabi/lib/thumb/v7e-m/nofp\librdimon.a(rdimon-syscalls.o)
                0x00000e64                _sbrk
 .text._swistat
                0x00000eac       0x42 e:/nxp/s32ds/build_tools/gcc_v10.2/gcc-10.2-arm32-eabi/bin/../lib/gcc/arm-none-eabi/10.2.0/../../../../arm-none-eabi/lib/thumb/v7e-m/nofp\librdimon.a(rdimon-syscalls.o)
                0x00000eac                _swistat
 .text._stat    0x00000eee       0x3a e:/nxp/s32ds/build_tools/gcc_v10.2/gcc-10.2-arm32-eabi/bin/../lib/gcc/arm-none-eabi/10.2.0/../../../../arm-none-eabi/lib/thumb/v7e-m/nofp\librdimon.a(rdimon-syscalls.o)
                0x00000eee                _stat
 .text._swiopen
                0x00000f28       0xb4 e:/nxp/s32ds/build_tools/gcc_v10.2/gcc-10.2-arm32-eabi/bin/../lib/gcc/arm-none-eabi/10.2.0/../../../../arm-none-eabi/lib/thumb/v7e-m/nofp\librdimon.a(rdimon-syscalls.o)
                0x00000f28                _swiopen
 .text._get_semihosting_exts
                0x00000fdc       0xb8 e:/nxp/s32ds/build_tools/gcc_v10.2/gcc-10.2-arm32-eabi/bin/../lib/gcc/arm-none-eabi/10.2.0/../../../../arm-none-eabi/lib/thumb/v7e-m/nofp\librdimon.a(rdimon-syscalls.o)
                0x00000fdc                _get_semihosting_exts
 .text.initialise_semihosting_exts
                0x00001094       0x34 e:/nxp/s32ds/build_tools/gcc_v10.2/gcc-10.2-arm32-eabi/bin/../lib/gcc/arm-none-eabi/10.2.0/../../../../arm-none-eabi/lib/thumb/v7e-m/nofp\librdimon.a(rdimon-syscalls.o)
 .text._has_ext_exit_extended
                0x000010c8       0x18 e:/nxp/s32ds/build_tools/gcc_v10.2/gcc-10.2-arm32-eabi/bin/../lib/gcc/arm-none-eabi/10.2.0/../../../../arm-none-eabi/lib/thumb/v7e-m/nofp\librdimon.a(rdimon-syscalls.o)
                0x000010c8                _has_ext_exit_extended
 .text._has_ext_stdout_stderr
                0x000010e0       0x18 e:/nxp/s32ds/build_tools/gcc_v10.2/gcc-10.2-arm32-eabi/bin/../lib/gcc/arm-none-eabi/10.2.0/../../../../arm-none-eabi/lib/thumb/v7e-m/nofp\librdimon.a(rdimon-syscalls.o)
                0x000010e0                _has_ext_stdout_stderr
 .text.initialise_monitor_handles
                0x000010f8       0xc0 e:/nxp/s32ds/build_tools/gcc_v10.2/gcc-10.2-arm32-eabi/bin/../lib/gcc/arm-none-eabi/10.2.0/../../../../arm-none-eabi/lib/thumb/v7e-m/nofp\librdimon.a(rdimon-syscalls.o)
                0x000010f8                initialise_monitor_handles
 .text._exit    0x000011b8       0x14 e:/nxp/s32ds/build_tools/gcc_v10.2/gcc-10.2-arm32-eabi/bin/../lib/gcc/arm-none-eabi/10.2.0/../../../../arm-none-eabi/lib/thumb/v7e-m/nofp\librdimon.a(rdimon-_exit.o)
                0x000011b8                _exit
 .text._kill_shared
                0x000011cc       0x26 e:/nxp/s32ds/build_tools/gcc_v10.2/gcc-10.2-arm32-eabi/bin/../lib/gcc/arm-none-eabi/10.2.0/../../../../arm-none-eabi/lib/thumb/v7e-m/nofp\librdimon.a(rdimon-_kill.o)
                0x000011cc                _kill_shared
 *fill*         0x000011f2        0x2 
 .text.__errno  0x000011f4        0xc e:/nxp/s32ds/build_tools/gcc_v10.2/gcc-10.2-arm32-eabi/bin/../lib/gcc/arm-none-eabi/10.2.0/../../../../arm-none-eabi/lib/thumb/v7e-m/nofp\libc.a(lib_a-errno.o)
                0x000011f4                __errno
 .text.std      0x00001200       0x48 e:/nxp/s32ds/build_tools/gcc_v10.2/gcc-10.2-arm32-eabi/bin/../lib/gcc/arm-none-eabi/10.2.0/../../../../arm-none-eabi/lib/thumb/v7e-m/nofp\libc.a(lib_a-findfp.o)
 .text._cleanup_r
                0x00001248        0xc e:/nxp/s32ds/build_tools/gcc_v10.2/gcc-10.2-arm32-eabi/bin/../lib/gcc/arm-none-eabi/10.2.0/../../../../arm-none-eabi/lib/thumb/v7e-m/nofp\libc.a(lib_a-findfp.o)
                0x00001248                _cleanup_r
 .text.__sinit  0x00001254       0x44 e:/nxp/s32ds/build_tools/gcc_v10.2/gcc-10.2-arm32-eabi/bin/../lib/gcc/arm-none-eabi/10.2.0/../../../../arm-none-eabi/lib/thumb/v7e-m/nofp\libc.a(lib_a-findfp.o)
                0x00001254                __sinit
 .text._fwalk_reent
                0x00001298       0x3e e:/nxp/s32ds/build_tools/gcc_v10.2/gcc-10.2-arm32-eabi/bin/../lib/gcc/arm-none-eabi/10.2.0/../../../../arm-none-eabi/lib/thumb/v7e-m/nofp\libc.a(lib_a-fwalk.o)
                0x00001298                _fwalk_reent
 .text.__malloc_lock
                0x000012d6        0x2 e:/nxp/s32ds/build_tools/gcc_v10.2/gcc-10.2-arm32-eabi/bin/../lib/gcc/arm-none-eabi/10.2.0/../../../../arm-none-eabi/lib/thumb/v7e-m/nofp\libc.a(lib_a-mlock.o)
                0x000012d6                __malloc_lock
 .text.__malloc_unlock
                0x000012d8        0x2 e:/nxp/s32ds/build_tools/gcc_v10.2/gcc-10.2-arm32-eabi/bin/../lib/gcc/arm-none-eabi/10.2.0/../../../../arm-none-eabi/lib/thumb/v7e-m/nofp\libc.a(lib_a-mlock.o)
                0x000012d8                __malloc_unlock
 *fill*         0x000012da        0x2 
 .text._sbrk_r  0x000012dc       0x20 e:/nxp/s32ds/build_tools/gcc_v10.2/gcc-10.2-arm32-eabi/bin/../lib/gcc/arm-none-eabi/10.2.0/../../../../arm-none-eabi/lib/thumb/v7e-m/nofp\libc.a(lib_a-sbrkr.o)
                0x000012dc                _sbrk_r
 .text.__sread  0x000012fc       0x22 e:/nxp/s32ds/build_tools/gcc_v10.2/gcc-10.2-arm32-eabi/bin/../lib/gcc/arm-none-eabi/10.2.0/../../../../arm-none-eabi/lib/thumb/v7e-m/nofp\libc.a(lib_a-stdio.o)
                0x000012fc                __sread
 .text.__swrite
                0x0000131e       0x38 e:/nxp/s32ds/build_tools/gcc_v10.2/gcc-10.2-arm32-eabi/bin/../lib/gcc/arm-none-eabi/10.2.0/../../../../arm-none-eabi/lib/thumb/v7e-m/nofp\libc.a(lib_a-stdio.o)
                0x0000131e                __swrite
 .text.__sseek  0x00001356       0x24 e:/nxp/s32ds/build_tools/gcc_v10.2/gcc-10.2-arm32-eabi/bin/../lib/gcc/arm-none-eabi/10.2.0/../../../../arm-none-eabi/lib/thumb/v7e-m/nofp\libc.a(lib_a-stdio.o)
                0x00001356                __sseek
 .text.__sclose
                0x0000137a        0x8 e:/nxp/s32ds/build_tools/gcc_v10.2/gcc-10.2-arm32-eabi/bin/../lib/gcc/arm-none-eabi/10.2.0/../../../../arm-none-eabi/lib/thumb/v7e-m/nofp\libc.a(lib_a-stdio.o)
                0x0000137a                __sclose
 *fill*         0x00001382        0x2 
 .text._write_r
                0x00001384       0x24 e:/nxp/s32ds/build_tools/gcc_v10.2/gcc-10.2-arm32-eabi/bin/../lib/gcc/arm-none-eabi/10.2.0/../../../../arm-none-eabi/lib/thumb/v7e-m/nofp\libc.a(lib_a-writer.o)
                0x00001384                _write_r
 .text._close_r
                0x000013a8       0x20 e:/nxp/s32ds/build_tools/gcc_v10.2/gcc-10.2-arm32-eabi/bin/../lib/gcc/arm-none-eabi/10.2.0/../../../../arm-none-eabi/lib/thumb/v7e-m/nofp\libc.a(lib_a-closer.o)
                0x000013a8                _close_r
 .text._fclose_r
                0x000013c8       0x74 e:/nxp/s32ds/build_tools/gcc_v10.2/gcc-10.2-arm32-eabi/bin/../lib/gcc/arm-none-eabi/10.2.0/../../../../arm-none-eabi/lib/thumb/v7e-m/nofp\libc.a(lib_a-fclose.o)
                0x000013c8                _fclose_r
 .text.__sflush_r
                0x0000143c      0x114 e:/nxp/s32ds/build_tools/gcc_v10.2/gcc-10.2-arm32-eabi/bin/../lib/gcc/arm-none-eabi/10.2.0/../../../../arm-none-eabi/lib/thumb/v7e-m/nofp\libc.a(lib_a-fflush.o)
                0x0000143c                __sflush_r
 .text._malloc_trim_r
                0x00001550       0xa0 e:/nxp/s32ds/build_tools/gcc_v10.2/gcc-10.2-arm32-eabi/bin/../lib/gcc/arm-none-eabi/10.2.0/../../../../arm-none-eabi/lib/thumb/v7e-m/nofp\libc.a(lib_a-freer.o)
                0x00001550                _malloc_trim_r
 .text._free_r  0x000015f0      0x180 e:/nxp/s32ds/build_tools/gcc_v10.2/gcc-10.2-arm32-eabi/bin/../lib/gcc/arm-none-eabi/10.2.0/../../../../arm-none-eabi/lib/thumb/v7e-m/nofp\libc.a(lib_a-freer.o)
                0x000015f0                _free_r
 .text._lseek_r
                0x00001770       0x24 e:/nxp/s32ds/build_tools/gcc_v10.2/gcc-10.2-arm32-eabi/bin/../lib/gcc/arm-none-eabi/10.2.0/../../../../arm-none-eabi/lib/thumb/v7e-m/nofp\libc.a(lib_a-lseekr.o)
                0x00001770                _lseek_r
 .text._read_r  0x00001794       0x24 e:/nxp/s32ds/build_tools/gcc_v10.2/gcc-10.2-arm32-eabi/bin/../lib/gcc/arm-none-eabi/10.2.0/../../../../arm-none-eabi/lib/thumb/v7e-m/nofp\libc.a(lib_a-readr.o)
                0x00001794                _read_r
 *(.rodata)
 *(.rodata*)
 .rodata._global_impure_ptr
                0x000017b8        0x4 e:/nxp/s32ds/build_tools/gcc_v10.2/gcc-10.2-arm32-eabi/bin/../lib/gcc/arm-none-eabi/10.2.0/../../../../arm-none-eabi/lib/thumb/v7e-m/nofp\libc.a(lib_a-impure.o)
                0x000017b8                _global_impure_ptr
 .rodata._get_semihosting_exts.str1.1
                0x000017bc       0x16 e:/nxp/s32ds/build_tools/gcc_v10.2/gcc-10.2-arm32-eabi/bin/../lib/gcc/arm-none-eabi/10.2.0/../../../../arm-none-eabi/lib/thumb/v7e-m/nofp\librdimon.a(rdimon-syscalls.o)
 .rodata.initialise_monitor_handles.str1.1
                0x000017d2        0x4 e:/nxp/s32ds/build_tools/gcc_v10.2/gcc-10.2-arm32-eabi/bin/../lib/gcc/arm-none-eabi/10.2.0/../../../../arm-none-eabi/lib/thumb/v7e-m/nofp\librdimon.a(rdimon-syscalls.o)
 *(.glue_7)
 .glue_7        0x000017d6        0x0 linker stubs
 *(.glue_7t)
 .glue_7t       0x000017d6        0x0 linker stubs
 *(.eh_frame)
 *fill*         0x000017d6        0x2 
 .eh_frame      0x000017d8        0x0 e:/nxp/s32ds/build_tools/gcc_v10.2/gcc-10.2-arm32-eabi/bin/../lib/gcc/arm-none-eabi/10.2.0/thumb/v7e-m/nofp/crtbegin.o
 *(.init)
 .init          0x000017d8        0x4 e:/nxp/s32ds/build_tools/gcc_v10.2/gcc-10.2-arm32-eabi/bin/../lib/gcc/arm-none-eabi/10.2.0/thumb/v7e-m/nofp/crti.o
                0x000017d8                _init
 .init          0x000017dc        0x8 e:/nxp/s32ds/build_tools/gcc_v10.2/gcc-10.2-arm32-eabi/bin/../lib/gcc/arm-none-eabi/10.2.0/thumb/v7e-m/nofp/crtn.o
 *(.fini)
 .fini          0x000017e4        0x4 e:/nxp/s32ds/build_tools/gcc_v10.2/gcc-10.2-arm32-eabi/bin/../lib/gcc/arm-none-eabi/10.2.0/thumb/v7e-m/nofp/crti.o
                0x000017e4                _fini
 .fini          0x000017e8        0x8 e:/nxp/s32ds/build_tools/gcc_v10.2/gcc-10.2-arm32-eabi/bin/../lib/gcc/arm-none-eabi/10.2.0/thumb/v7e-m/nofp/crtn.o
                0x000017f0                . = ALIGN (0x4)

.vfp11_veneer   0x000017f0        0x0
 .vfp11_veneer  0x000017f0        0x0 linker stubs

.v4_bx          0x000017f0        0x0
 .v4_bx         0x000017f0        0x0 linker stubs

.iplt           0x000017f0        0x0
 .iplt          0x000017f0        0x0 e:/nxp/s32ds/build_tools/gcc_v10.2/gcc-10.2-arm32-eabi/bin/../lib/gcc/arm-none-eabi/10.2.0/thumb/v7e-m/nofp/crtbegin.o

.ARM.extab
 *(.ARM.extab* .gnu.linkonce.armextab.*)

.ARM            0x000017f0        0x8
                0x000017f0                __exidx_start = .
 *(.ARM.exidx*)
 .ARM.exidx     0x000017f0        0x8 e:/nxp/s32ds/build_tools/gcc_v10.2/gcc-10.2-arm32-eabi/bin/../lib/gcc/arm-none-eabi/10.2.0/../../../../arm-none-eabi/lib/thumb/v7e-m/nofp/rdimon-crt0.o
                                 0x10 (size before relaxing)
                0x000017f8                __exidx_end = .

.rel.dyn        0x000017f8        0x0
 .rel.iplt      0x000017f8        0x0 e:/nxp/s32ds/build_tools/gcc_v10.2/gcc-10.2-arm32-eabi/bin/../lib/gcc/arm-none-eabi/10.2.0/thumb/v7e-m/nofp/crtbegin.o

.ctors          0x000017f8        0x0
                0x000017f8                __CTOR_LIST__ = .
 *crtbegin.o(.ctors)
 *crtbegin?.o(.ctors)
 *(EXCLUDE_FILE(*crtend.o *crtend?.o) .ctors)
 *(SORT_BY_NAME(.ctors.*))
 *(.ctors)
                0x000017f8                __CTOR_END__ = .

.dtors          0x000017f8        0x0
                0x000017f8                __DTOR_LIST__ = .
 *crtbegin.o(.dtors)
 *crtbegin?.o(.dtors)
 *(EXCLUDE_FILE(*crtend.o *crtend?.o) .dtors)
 *(SORT_BY_NAME(.dtors.*))
 *(.dtors)
                0x000017f8                __DTOR_END__ = .

.preinit_array  0x000017f8        0x0
                0x000017f8                PROVIDE (__preinit_array_start = .)
 *(.preinit_array*)
                0x000017f8                PROVIDE (__preinit_array_end = .)

.init_array     0x000017f8        0x8
                0x000017f8                PROVIDE (__init_array_start = .)
 *(SORT_BY_NAME(.init_array.*))
 .init_array.00000
                0x000017f8        0x4 e:/nxp/s32ds/build_tools/gcc_v10.2/gcc-10.2-arm32-eabi/bin/../lib/gcc/arm-none-eabi/10.2.0/../../../../arm-none-eabi/lib/thumb/v7e-m/nofp\libc.a(lib_a-__call_atexit.o)
 *(.init_array*)
 .init_array    0x000017fc        0x4 e:/nxp/s32ds/build_tools/gcc_v10.2/gcc-10.2-arm32-eabi/bin/../lib/gcc/arm-none-eabi/10.2.0/thumb/v7e-m/nofp/crtbegin.o
                0x00001800                PROVIDE (__init_array_end = .)

.fini_array     0x00001800        0x4
                0x00001800                PROVIDE (__fini_array_start = .)
 *(SORT_BY_NAME(.fini_array.*))
 *(.fini_array*)
 .fini_array    0x00001800        0x4 e:/nxp/s32ds/build_tools/gcc_v10.2/gcc-10.2-arm32-eabi/bin/../lib/gcc/arm-none-eabi/10.2.0/thumb/v7e-m/nofp/crtbegin.o
                0x00001804                PROVIDE (__fini_array_end = .)
                0x00001804                __etext = .
                0x00001804                __DATA_ROM = .

.interrupts_ram
                0x1fff8000      0x400
                0x1fff8000                . = ALIGN (0x4)
                0x1fff8000                __VECTOR_RAM__ = .
                0x1fff8000                __RAM_START = .
                0x1fff8000                __interrupts_ram_start__ = .
 *(.m_interrupts_ram)
                0x1fff8400                . = (. + M_VECTOR_RAM_SIZE)
 *fill*         0x1fff8000      0x400 
                0x1fff8400                . = ALIGN (0x4)
                0x1fff8400                __interrupts_ram_end__ = .
                0x1fff8000                __VECTOR_RAM = DEFINED (__flash_vector_table__)?ORIGIN (m_interrupts):__VECTOR_RAM__
                0x00000400                __RAM_VECTOR_TABLE_SIZE = DEFINED (__flash_vector_table__)?0x0:(__interrupts_ram_end__ - __interrupts_ram_start__)

.data           0x1fff8400      0x954 load address 0x00001804
                0x1fff8400                . = ALIGN (0x4)
                0x1fff8400                __DATA_RAM = .
                0x1fff8400                __data_start__ = .
 *(.data)
 .data          0x1fff8400      0x118 e:/nxp/s32ds/build_tools/gcc_v10.2/gcc-10.2-arm32-eabi/bin/../lib/gcc/arm-none-eabi/10.2.0/../../../../arm-none-eabi/lib/thumb/v7e-m/nofp/rdimon-crt0.o
                0x1fff8408                __stack_base__
 *(.data*)
 .data._impure_ptr
                0x1fff8518        0x4 e:/nxp/s32ds/build_tools/gcc_v10.2/gcc-10.2-arm32-eabi/bin/../lib/gcc/arm-none-eabi/10.2.0/../../../../arm-none-eabi/lib/thumb/v7e-m/nofp\libc.a(lib_a-impure.o)
                0x1fff8518                _impure_ptr
 *fill*         0x1fff851c        0x4 
 .data.impure_data
                0x1fff8520      0x418 e:/nxp/s32ds/build_tools/gcc_v10.2/gcc-10.2-arm32-eabi/bin/../lib/gcc/arm-none-eabi/10.2.0/../../../../arm-none-eabi/lib/thumb/v7e-m/nofp\libc.a(lib_a-impure.o)
 .data.__heap_limit
                0x1fff8938        0x4 e:/nxp/s32ds/build_tools/gcc_v10.2/gcc-10.2-arm32-eabi/bin/../lib/gcc/arm-none-eabi/10.2.0/../../../../arm-none-eabi/lib/thumb/v7e-m/nofp\librdimon.a(rdimon-syscalls.o)
 .data.supports_ext_exit_extended
                0x1fff893c        0x4 e:/nxp/s32ds/build_tools/gcc_v10.2/gcc-10.2-arm32-eabi/bin/../lib/gcc/arm-none-eabi/10.2.0/../../../../arm-none-eabi/lib/thumb/v7e-m/nofp\librdimon.a(rdimon-syscalls.o)
 .data.supports_ext_stdout_stderr
                0x1fff8940        0x4 e:/nxp/s32ds/build_tools/gcc_v10.2/gcc-10.2-arm32-eabi/bin/../lib/gcc/arm-none-eabi/10.2.0/../../../../arm-none-eabi/lib/thumb/v7e-m/nofp\librdimon.a(rdimon-syscalls.o)
 .data.__malloc_av_
                0x1fff8944      0x408 e:/nxp/s32ds/build_tools/gcc_v10.2/gcc-10.2-arm32-eabi/bin/../lib/gcc/arm-none-eabi/10.2.0/../../../../arm-none-eabi/lib/thumb/v7e-m/nofp\libc.a(lib_a-mallocr.o)
                0x1fff8944                __malloc_av_
 .data.__malloc_sbrk_base
                0x1fff8d4c        0x4 e:/nxp/s32ds/build_tools/gcc_v10.2/gcc-10.2-arm32-eabi/bin/../lib/gcc/arm-none-eabi/10.2.0/../../../../arm-none-eabi/lib/thumb/v7e-m/nofp\libc.a(lib_a-mallocr.o)
                0x1fff8d4c                __malloc_sbrk_base
 .data.__malloc_trim_threshold
                0x1fff8d50        0x4 e:/nxp/s32ds/build_tools/gcc_v10.2/gcc-10.2-arm32-eabi/bin/../lib/gcc/arm-none-eabi/10.2.0/../../../../arm-none-eabi/lib/thumb/v7e-m/nofp\libc.a(lib_a-mallocr.o)
                0x1fff8d50                __malloc_trim_threshold
 *(.jcr*)
                0x1fff8d54                . = ALIGN (0x4)
                0x1fff8d54                __data_end__ = .
                0x00002158                __DATA_END = (__DATA_ROM + (__data_end__ - __data_start__))
                0x00002158                __CODE_ROM = __DATA_END

.tm_clone_table
                0x1fff8d54        0x0 load address 0x00002158
 .tm_clone_table
                0x1fff8d54        0x0 e:/nxp/s32ds/build_tools/gcc_v10.2/gcc-10.2-arm32-eabi/bin/../lib/gcc/arm-none-eabi/10.2.0/thumb/v7e-m/nofp/crtbegin.o
 .tm_clone_table
                0x1fff8d54        0x0 e:/nxp/s32ds/build_tools/gcc_v10.2/gcc-10.2-arm32-eabi/bin/../lib/gcc/arm-none-eabi/10.2.0/thumb/v7e-m/nofp/crtend.o

.igot.plt       0x1fff8d54        0x0 load address 0x00002158
 .igot.plt      0x1fff8d54        0x0 e:/nxp/s32ds/build_tools/gcc_v10.2/gcc-10.2-arm32-eabi/bin/../lib/gcc/arm-none-eabi/10.2.0/thumb/v7e-m/nofp/crtbegin.o

.code           0x1fff8d54        0x0 load address 0x00002158
                0x1fff8d54                . = ALIGN (0x4)
                0x1fff8d54                __CODE_RAM = .
                0x1fff8d54                __code_start__ = .
                0x1fff8d54                __code_ram_start__ = .
 *(.code_ram)
                0x1fff8d54                . = ALIGN (0x4)
                0x1fff8d54                __code_end__ = .
                0x1fff8d54                __code_ram_end__ = .
                0x00002158                __CODE_END = (__CODE_ROM + (__code_end__ - __code_start__))
                0x00002158                __CUSTOM_ROM = __CODE_END

.customSectionBlock
                0x20000000        0x0 load address 0x00002158
                0x20000000                __customSection_start__ = .
 *(.customSection)
                0x20000000                __customSection_end__ = .
                0x00002158                __CUSTOM_END = (__CUSTOM_ROM + (__customSection_end__ - __customSection_start__))

.bss            0x20000000      0x134
                0x20000000                . = ALIGN (0x4)
                0x20000000                __BSS_START = .
                0x20000000                __bss_start__ = .
 *(.bss)
 .bss           0x20000000       0x1c e:/nxp/s32ds/build_tools/gcc_v10.2/gcc-10.2-arm32-eabi/bin/../lib/gcc/arm-none-eabi/10.2.0/thumb/v7e-m/nofp/crtbegin.o
 *(.bss*)
 .bss.pwm_duty  0x2000001c        0x1 ./src/led.o
 .bss.counter.0
                0x2000001d        0x1 ./src/led.o
 *fill*         0x2000001e        0x2 
 .bss.timer_counter
                0x20000020       0x28 ./src/software_timer.o
                0x20000020                timer_counter
 .bss.timer_flag
                0x20000048        0xa ./src/software_timer.o
                0x20000048                timer_flag
 *fill*         0x20000052        0x2 
 .bss.heap_end.0
                0x20000054        0x4 e:/nxp/s32ds/build_tools/gcc_v10.2/gcc-10.2-arm32-eabi/bin/../lib/gcc/arm-none-eabi/10.2.0/../../../../arm-none-eabi/lib/thumb/v7e-m/nofp\librdimon.a(rdimon-syscalls.o)
 .bss.monitor_stderr
                0x20000058        0x4 e:/nxp/s32ds/build_tools/gcc_v10.2/gcc-10.2-arm32-eabi/bin/../lib/gcc/arm-none-eabi/10.2.0/../../../../arm-none-eabi/lib/thumb/v7e-m/nofp\librdimon.a(rdimon-syscalls.o)
 .bss.monitor_stdin
                0x2000005c        0x4 e:/nxp/s32ds/build_tools/gcc_v10.2/gcc-10.2-arm32-eabi/bin/../lib/gcc/arm-none-eabi/10.2.0/../../../../arm-none-eabi/lib/thumb/v7e-m/nofp\librdimon.a(rdimon-syscalls.o)
 .bss.monitor_stdout
                0x20000060        0x4 e:/nxp/s32ds/build_tools/gcc_v10.2/gcc-10.2-arm32-eabi/bin/../lib/gcc/arm-none-eabi/10.2.0/../../../../arm-none-eabi/lib/thumb/v7e-m/nofp\librdimon.a(rdimon-syscalls.o)
 .bss.openfiles
                0x20000064       0xa0 e:/nxp/s32ds/build_tools/gcc_v10.2/gcc-10.2-arm32-eabi/bin/../lib/gcc/arm-none-eabi/10.2.0/../../../../arm-none-eabi/lib/thumb/v7e-m/nofp\librdimon.a(rdimon-syscalls.o)
 .bss.__malloc_current_mallinfo
                0x20000104       0x28 e:/nxp/s32ds/build_tools/gcc_v10.2/gcc-10.2-arm32-eabi/bin/../lib/gcc/arm-none-eabi/10.2.0/../../../../arm-none-eabi/lib/thumb/v7e-m/nofp\libc.a(lib_a-mallocr.o)
                0x20000104                __malloc_current_mallinfo
 .bss.__malloc_top_pad
                0x2000012c        0x4 e:/nxp/s32ds/build_tools/gcc_v10.2/gcc-10.2-arm32-eabi/bin/../lib/gcc/arm-none-eabi/10.2.0/../../../../arm-none-eabi/lib/thumb/v7e-m/nofp\libc.a(lib_a-mallocr.o)
                0x2000012c                __malloc_top_pad
 .bss.errno     0x20000130        0x4 e:/nxp/s32ds/build_tools/gcc_v10.2/gcc-10.2-arm32-eabi/bin/../lib/gcc/arm-none-eabi/10.2.0/../../../../arm-none-eabi/lib/thumb/v7e-m/nofp\libc.a(lib_a-reent.o)
                0x20000130                errno
 *(COMMON)
                0x20000134                . = ALIGN (0x4)
                0x20000134                __bss_end__ = .
                0x20000134                __BSS_END = .

.heap           0x20000134      0x404
                0x20000138                . = ALIGN (0x8)
 *fill*         0x20000134        0x4 
                0x20000138                __end__ = .
                0x20000138                __heap_start__ = .
                0x20000138                PROVIDE (end = .)
                [!provide]                PROVIDE (_end = .)
                [!provide]                PROVIDE (__end = .)
                0x20000138                __HeapBase = .
                0x20000538                . = (. + HEAP_SIZE)
 *fill*         0x20000138      0x400 
                0x20000538                __HeapLimit = .
                0x20000538                __heap_limit = .
                0x20000538                __heap_end__ = .
                0x20007000                __StackTop = (ORIGIN (m_data_2) + LENGTH (m_data_2))
                0x20006c00                __StackLimit = (__StackTop - STACK_SIZE)
                0x20007000                PROVIDE (__stack = __StackTop)
                0x20007000                __RAM_END = __StackTop

.stack          0x20006c00      0x400
                0x20006c00                . = ALIGN (0x8)
                0x20006c00                __stack_start__ = .
                0x20007000                . = (. + STACK_SIZE)
 *fill*         0x20006c00      0x400 
                0x20007000                __stack_end__ = .
                0x20000000                __START_BSS = __BSS_START
                0x20000134                __END_BSS = __BSS_END
                0x20007000                __SP_INIT = __StackTop

.ARM.attributes
                0x00000000       0x2a
 *(.ARM.attributes)
 .ARM.attributes
                0x00000000       0x1e e:/nxp/s32ds/build_tools/gcc_v10.2/gcc-10.2-arm32-eabi/bin/../lib/gcc/arm-none-eabi/10.2.0/thumb/v7e-m/nofp/crti.o
 .ARM.attributes
                0x0000001e       0x2e e:/nxp/s32ds/build_tools/gcc_v10.2/gcc-10.2-arm32-eabi/bin/../lib/gcc/arm-none-eabi/10.2.0/thumb/v7e-m/nofp/crtbegin.o
 .ARM.attributes
                0x0000004c       0x1c e:/nxp/s32ds/build_tools/gcc_v10.2/gcc-10.2-arm32-eabi/bin/../lib/gcc/arm-none-eabi/10.2.0/../../../../arm-none-eabi/lib/thumb/v7e-m/nofp/rdimon-crt0.o
 .ARM.attributes
                0x00000068       0x2e ./Project_Settings/Startup_Code/startup.o
 .ARM.attributes
                0x00000096       0x1b ./Project_Settings/Startup_Code/startup_S32K144.o
 .ARM.attributes
                0x000000b1       0x2e ./Project_Settings/Startup_Code/system_S32K144.o
 .ARM.attributes
                0x000000df       0x2e ./src/adc.o
 .ARM.attributes
                0x0000010d       0x2e ./src/led.o
 .ARM.attributes
                0x0000013b       0x2e ./src/main.o
 .ARM.attributes
                0x00000169       0x2e ./src/software_timer.o
 .ARM.attributes
                0x00000197       0x2e e:/nxp/s32ds/build_tools/gcc_v10.2/gcc-10.2-arm32-eabi/bin/../lib/gcc/arm-none-eabi/10.2.0/../../../../arm-none-eabi/lib/thumb/v7e-m/nofp\libc.a(lib_a-exit.o)
 .ARM.attributes
                0x000001c5       0x2e e:/nxp/s32ds/build_tools/gcc_v10.2/gcc-10.2-arm32-eabi/bin/../lib/gcc/arm-none-eabi/10.2.0/../../../../arm-none-eabi/lib/thumb/v7e-m/nofp\libc.a(lib_a-impure.o)
 .ARM.attributes
                0x000001f3       0x2e e:/nxp/s32ds/build_tools/gcc_v10.2/gcc-10.2-arm32-eabi/bin/../lib/gcc/arm-none-eabi/10.2.0/../../../../arm-none-eabi/lib/thumb/v7e-m/nofp\libc.a(lib_a-init.o)
 .ARM.attributes
                0x00000221       0x2e e:/nxp/s32ds/build_tools/gcc_v10.2/gcc-10.2-arm32-eabi/bin/../lib/gcc/arm-none-eabi/10.2.0/../../../../arm-none-eabi/lib/thumb/v7e-m/nofp\libc.a(lib_a-memset.o)
 .ARM.attributes
                0x0000024f       0x2e e:/nxp/s32ds/build_tools/gcc_v10.2/gcc-10.2-arm32-eabi/bin/../lib/gcc/arm-none-eabi/10.2.0/../../../../arm-none-eabi/lib/thumb/v7e-m/nofp\libc.a(lib_a-__call_atexit.o)
 .ARM.attributes
                0x0000027d       0x2e e:/nxp/s32ds/build_tools/gcc_v10.2/gcc-10.2-arm32-eabi/bin/../lib/gcc/arm-none-eabi/10.2.0/../../../../arm-none-eabi/lib/thumb/v7e-m/nofp\libc.a(lib_a-fini.o)
 .ARM.attributes
                0x000002ab       0x2e e:/nxp/s32ds/build_tools/gcc_v10.2/gcc-10.2-arm32-eabi/bin/../lib/gcc/arm-none-eabi/10.2.0/../../../../arm-none-eabi/lib/thumb/v7e-m/nofp\libc.a(lib_a-atexit.o)
 .ARM.attributes
                0x000002d9       0x2e e:/nxp/s32ds/build_tools/gcc_v10.2/gcc-10.2-arm32-eabi/bin/../lib/gcc/arm-none-eabi/10.2.0/../../../../arm-none-eabi/lib/thumb/v7e-m/nofp\libc.a(lib_a-__atexit.o)
 .ARM.attributes
                0x00000307       0x2e e:/nxp/s32ds/build_tools/gcc_v10.2/gcc-10.2-arm32-eabi/bin/../lib/gcc/arm-none-eabi/10.2.0/../../../../arm-none-eabi/lib/thumb/v7e-m/nofp\librdimon.a(rdimon-syscalls.o)
 .ARM.attributes
                0x00000335       0x2e e:/nxp/s32ds/build_tools/gcc_v10.2/gcc-10.2-arm32-eabi/bin/../lib/gcc/arm-none-eabi/10.2.0/../../../../arm-none-eabi/lib/thumb/v7e-m/nofp\librdimon.a(rdimon-_exit.o)
 .ARM.attributes
                0x00000363       0x2e e:/nxp/s32ds/build_tools/gcc_v10.2/gcc-10.2-arm32-eabi/bin/../lib/gcc/arm-none-eabi/10.2.0/../../../../arm-none-eabi/lib/thumb/v7e-m/nofp\librdimon.a(rdimon-_kill.o)
 .ARM.attributes
                0x00000391       0x2e e:/nxp/s32ds/build_tools/gcc_v10.2/gcc-10.2-arm32-eabi/bin/../lib/gcc/arm-none-eabi/10.2.0/../../../../arm-none-eabi/lib/thumb/v7e-m/nofp\libc.a(lib_a-errno.o)
 .ARM.attributes
                0x000003bf       0x2e e:/nxp/s32ds/build_tools/gcc_v10.2/gcc-10.2-arm32-eabi/bin/../lib/gcc/arm-none-eabi/10.2.0/../../../../arm-none-eabi/lib/thumb/v7e-m/nofp\libc.a(lib_a-findfp.o)
 .ARM.attributes
                0x000003ed       0x2e e:/nxp/s32ds/build_tools/gcc_v10.2/gcc-10.2-arm32-eabi/bin/../lib/gcc/arm-none-eabi/10.2.0/../../../../arm-none-eabi/lib/thumb/v7e-m/nofp\libc.a(lib_a-fwalk.o)
 .ARM.attributes
                0x0000041b       0x2e e:/nxp/s32ds/build_tools/gcc_v10.2/gcc-10.2-arm32-eabi/bin/../lib/gcc/arm-none-eabi/10.2.0/../../../../arm-none-eabi/lib/thumb/v7e-m/nofp\libc.a(lib_a-mallocr.o)
 .ARM.attributes
                0x00000449       0x2e e:/nxp/s32ds/build_tools/gcc_v10.2/gcc-10.2-arm32-eabi/bin/../lib/gcc/arm-none-eabi/10.2.0/../../../../arm-none-eabi/lib/thumb/v7e-m/nofp\libc.a(lib_a-mlock.o)
 .ARM.attributes
                0x00000477       0x2e e:/nxp/s32ds/build_tools/gcc_v10.2/gcc-10.2-arm32-eabi/bin/../lib/gcc/arm-none-eabi/10.2.0/../../../../arm-none-eabi/lib/thumb/v7e-m/nofp\libc.a(lib_a-sbrkr.o)
 .ARM.attributes
                0x000004a5       0x2e e:/nxp/s32ds/build_tools/gcc_v10.2/gcc-10.2-arm32-eabi/bin/../lib/gcc/arm-none-eabi/10.2.0/../../../../arm-none-eabi/lib/thumb/v7e-m/nofp\libc.a(lib_a-stdio.o)
 .ARM.attributes
                0x000004d3       0x17 e:/nxp/s32ds/build_tools/gcc_v10.2/gcc-10.2-arm32-eabi/bin/../lib/gcc/arm-none-eabi/10.2.0/../../../../arm-none-eabi/lib/thumb/v7e-m/nofp\libc.a(lib_a-strlen.o)
 .ARM.attributes
                0x000004ea       0x2e e:/nxp/s32ds/build_tools/gcc_v10.2/gcc-10.2-arm32-eabi/bin/../lib/gcc/arm-none-eabi/10.2.0/../../../../arm-none-eabi/lib/thumb/v7e-m/nofp\libc.a(lib_a-writer.o)
 .ARM.attributes
                0x00000518       0x2e e:/nxp/s32ds/build_tools/gcc_v10.2/gcc-10.2-arm32-eabi/bin/../lib/gcc/arm-none-eabi/10.2.0/../../../../arm-none-eabi/lib/thumb/v7e-m/nofp\libc.a(lib_a-closer.o)
 .ARM.attributes
                0x00000546       0x2e e:/nxp/s32ds/build_tools/gcc_v10.2/gcc-10.2-arm32-eabi/bin/../lib/gcc/arm-none-eabi/10.2.0/../../../../arm-none-eabi/lib/thumb/v7e-m/nofp\libc.a(lib_a-fclose.o)
 .ARM.attributes
                0x00000574       0x2e e:/nxp/s32ds/build_tools/gcc_v10.2/gcc-10.2-arm32-eabi/bin/../lib/gcc/arm-none-eabi/10.2.0/../../../../arm-none-eabi/lib/thumb/v7e-m/nofp\libc.a(lib_a-fflush.o)
 .ARM.attributes
                0x000005a2       0x2e e:/nxp/s32ds/build_tools/gcc_v10.2/gcc-10.2-arm32-eabi/bin/../lib/gcc/arm-none-eabi/10.2.0/../../../../arm-none-eabi/lib/thumb/v7e-m/nofp\libc.a(lib_a-freer.o)
 .ARM.attributes
                0x000005d0       0x2e e:/nxp/s32ds/build_tools/gcc_v10.2/gcc-10.2-arm32-eabi/bin/../lib/gcc/arm-none-eabi/10.2.0/../../../../arm-none-eabi/lib/thumb/v7e-m/nofp\libc.a(lib_a-lseekr.o)
 .ARM.attributes
                0x000005fe       0x2e e:/nxp/s32ds/build_tools/gcc_v10.2/gcc-10.2-arm32-eabi/bin/../lib/gcc/arm-none-eabi/10.2.0/../../../../arm-none-eabi/lib/thumb/v7e-m/nofp\libc.a(lib_a-readr.o)
 .ARM.attributes
                0x0000062c       0x2e e:/nxp/s32ds/build_tools/gcc_v10.2/gcc-10.2-arm32-eabi/bin/../lib/gcc/arm-none-eabi/10.2.0/../../../../arm-none-eabi/lib/thumb/v7e-m/nofp\libc.a(lib_a-reent.o)
 .ARM.attributes
                0x0000065a       0x2e e:/nxp/s32ds/build_tools/gcc_v10.2/gcc-10.2-arm32-eabi/bin/../lib/gcc/arm-none-eabi/10.2.0/thumb/v7e-m/nofp/crtend.o
 .ARM.attributes
                0x00000688       0x1e e:/nxp/s32ds/build_tools/gcc_v10.2/gcc-10.2-arm32-eabi/bin/../lib/gcc/arm-none-eabi/10.2.0/thumb/v7e-m/nofp/crtn.o
                0x00000001                ASSERT ((__StackLimit >= __HeapLimit), region m_data_2 overflowed with stack and heap)
OUTPUT(Exercise_03_ADC.elf elf32-littlearm)
LOAD linker stubs

.comment        0x00000000       0x88
 .comment       0x00000000       0x88 e:/nxp/s32ds/build_tools/gcc_v10.2/gcc-10.2-arm32-eabi/bin/../lib/gcc/arm-none-eabi/10.2.0/thumb/v7e-m/nofp/crtbegin.o
                                 0x89 (size before relaxing)
 .comment       0x00000088       0x89 ./Project_Settings/Startup_Code/startup.o
 .comment       0x00000088       0x89 ./Project_Settings/Startup_Code/system_S32K144.o
 .comment       0x00000088       0x89 ./src/adc.o
 .comment       0x00000088       0x89 ./src/led.o
 .comment       0x00000088       0x89 ./src/main.o
 .comment       0x00000088       0x89 ./src/software_timer.o
 .comment       0x00000088       0x89 e:/nxp/s32ds/build_tools/gcc_v10.2/gcc-10.2-arm32-eabi/bin/../lib/gcc/arm-none-eabi/10.2.0/../../../../arm-none-eabi/lib/thumb/v7e-m/nofp\libc.a(lib_a-exit.o)
 .comment       0x00000088       0x89 e:/nxp/s32ds/build_tools/gcc_v10.2/gcc-10.2-arm32-eabi/bin/../lib/gcc/arm-none-eabi/10.2.0/../../../../arm-none-eabi/lib/thumb/v7e-m/nofp\libc.a(lib_a-impure.o)
 .comment       0x00000088       0x89 e:/nxp/s32ds/build_tools/gcc_v10.2/gcc-10.2-arm32-eabi/bin/../lib/gcc/arm-none-eabi/10.2.0/../../../../arm-none-eabi/lib/thumb/v7e-m/nofp\libc.a(lib_a-init.o)
 .comment       0x00000088       0x89 e:/nxp/s32ds/build_tools/gcc_v10.2/gcc-10.2-arm32-eabi/bin/../lib/gcc/arm-none-eabi/10.2.0/../../../../arm-none-eabi/lib/thumb/v7e-m/nofp\libc.a(lib_a-memset.o)
 .comment       0x00000088       0x89 e:/nxp/s32ds/build_tools/gcc_v10.2/gcc-10.2-arm32-eabi/bin/../lib/gcc/arm-none-eabi/10.2.0/../../../../arm-none-eabi/lib/thumb/v7e-m/nofp\libc.a(lib_a-__call_atexit.o)
 .comment       0x00000088       0x89 e:/nxp/s32ds/build_tools/gcc_v10.2/gcc-10.2-arm32-eabi/bin/../lib/gcc/arm-none-eabi/10.2.0/../../../../arm-none-eabi/lib/thumb/v7e-m/nofp\libc.a(lib_a-fini.o)
 .comment       0x00000088       0x89 e:/nxp/s32ds/build_tools/gcc_v10.2/gcc-10.2-arm32-eabi/bin/../lib/gcc/arm-none-eabi/10.2.0/../../../../arm-none-eabi/lib/thumb/v7e-m/nofp\libc.a(lib_a-atexit.o)
 .comment       0x00000088       0x89 e:/nxp/s32ds/build_tools/gcc_v10.2/gcc-10.2-arm32-eabi/bin/../lib/gcc/arm-none-eabi/10.2.0/../../../../arm-none-eabi/lib/thumb/v7e-m/nofp\libc.a(lib_a-__atexit.o)
 .comment       0x00000088       0x89 e:/nxp/s32ds/build_tools/gcc_v10.2/gcc-10.2-arm32-eabi/bin/../lib/gcc/arm-none-eabi/10.2.0/../../../../arm-none-eabi/lib/thumb/v7e-m/nofp\librdimon.a(rdimon-syscalls.o)
 .comment       0x00000088       0x89 e:/nxp/s32ds/build_tools/gcc_v10.2/gcc-10.2-arm32-eabi/bin/../lib/gcc/arm-none-eabi/10.2.0/../../../../arm-none-eabi/lib/thumb/v7e-m/nofp\librdimon.a(rdimon-_exit.o)
 .comment       0x00000088       0x89 e:/nxp/s32ds/build_tools/gcc_v10.2/gcc-10.2-arm32-eabi/bin/../lib/gcc/arm-none-eabi/10.2.0/../../../../arm-none-eabi/lib/thumb/v7e-m/nofp\librdimon.a(rdimon-_kill.o)
 .comment       0x00000088       0x89 e:/nxp/s32ds/build_tools/gcc_v10.2/gcc-10.2-arm32-eabi/bin/../lib/gcc/arm-none-eabi/10.2.0/../../../../arm-none-eabi/lib/thumb/v7e-m/nofp\libc.a(lib_a-errno.o)
 .comment       0x00000088       0x89 e:/nxp/s32ds/build_tools/gcc_v10.2/gcc-10.2-arm32-eabi/bin/../lib/gcc/arm-none-eabi/10.2.0/../../../../arm-none-eabi/lib/thumb/v7e-m/nofp\libc.a(lib_a-findfp.o)
 .comment       0x00000088       0x89 e:/nxp/s32ds/build_tools/gcc_v10.2/gcc-10.2-arm32-eabi/bin/../lib/gcc/arm-none-eabi/10.2.0/../../../../arm-none-eabi/lib/thumb/v7e-m/nofp\libc.a(lib_a-fwalk.o)
 .comment       0x00000088       0x89 e:/nxp/s32ds/build_tools/gcc_v10.2/gcc-10.2-arm32-eabi/bin/../lib/gcc/arm-none-eabi/10.2.0/../../../../arm-none-eabi/lib/thumb/v7e-m/nofp\libc.a(lib_a-mallocr.o)
 .comment       0x00000088       0x89 e:/nxp/s32ds/build_tools/gcc_v10.2/gcc-10.2-arm32-eabi/bin/../lib/gcc/arm-none-eabi/10.2.0/../../../../arm-none-eabi/lib/thumb/v7e-m/nofp\libc.a(lib_a-mlock.o)
 .comment       0x00000088       0x89 e:/nxp/s32ds/build_tools/gcc_v10.2/gcc-10.2-arm32-eabi/bin/../lib/gcc/arm-none-eabi/10.2.0/../../../../arm-none-eabi/lib/thumb/v7e-m/nofp\libc.a(lib_a-sbrkr.o)
 .comment       0x00000088       0x89 e:/nxp/s32ds/build_tools/gcc_v10.2/gcc-10.2-arm32-eabi/bin/../lib/gcc/arm-none-eabi/10.2.0/../../../../arm-none-eabi/lib/thumb/v7e-m/nofp\libc.a(lib_a-stdio.o)
 .comment       0x00000088       0x89 e:/nxp/s32ds/build_tools/gcc_v10.2/gcc-10.2-arm32-eabi/bin/../lib/gcc/arm-none-eabi/10.2.0/../../../../arm-none-eabi/lib/thumb/v7e-m/nofp\libc.a(lib_a-writer.o)
 .comment       0x00000088       0x89 e:/nxp/s32ds/build_tools/gcc_v10.2/gcc-10.2-arm32-eabi/bin/../lib/gcc/arm-none-eabi/10.2.0/../../../../arm-none-eabi/lib/thumb/v7e-m/nofp\libc.a(lib_a-closer.o)
 .comment       0x00000088       0x89 e:/nxp/s32ds/build_tools/gcc_v10.2/gcc-10.2-arm32-eabi/bin/../lib/gcc/arm-none-eabi/10.2.0/../../../../arm-none-eabi/lib/thumb/v7e-m/nofp\libc.a(lib_a-fclose.o)
 .comment       0x00000088       0x89 e:/nxp/s32ds/build_tools/gcc_v10.2/gcc-10.2-arm32-eabi/bin/../lib/gcc/arm-none-eabi/10.2.0/../../../../arm-none-eabi/lib/thumb/v7e-m/nofp\libc.a(lib_a-fflush.o)
 .comment       0x00000088       0x89 e:/nxp/s32ds/build_tools/gcc_v10.2/gcc-10.2-arm32-eabi/bin/../lib/gcc/arm-none-eabi/10.2.0/../../../../arm-none-eabi/lib/thumb/v7e-m/nofp\libc.a(lib_a-freer.o)
 .comment       0x00000088       0x89 e:/nxp/s32ds/build_tools/gcc_v10.2/gcc-10.2-arm32-eabi/bin/../lib/gcc/arm-none-eabi/10.2.0/../../../../arm-none-eabi/lib/thumb/v7e-m/nofp\libc.a(lib_a-lseekr.o)
 .comment       0x00000088       0x89 e:/nxp/s32ds/build_tools/gcc_v10.2/gcc-10.2-arm32-eabi/bin/../lib/gcc/arm-none-eabi/10.2.0/../../../../arm-none-eabi/lib/thumb/v7e-m/nofp\libc.a(lib_a-readr.o)
 .comment       0x00000088       0x89 e:/nxp/s32ds/build_tools/gcc_v10.2/gcc-10.2-arm32-eabi/bin/../lib/gcc/arm-none-eabi/10.2.0/../../../../arm-none-eabi/lib/thumb/v7e-m/nofp\libc.a(lib_a-reent.o)
 .comment       0x00000088       0x89 e:/nxp/s32ds/build_tools/gcc_v10.2/gcc-10.2-arm32-eabi/bin/../lib/gcc/arm-none-eabi/10.2.0/thumb/v7e-m/nofp/crtend.o

.debug_line     0x00000000     0x1318
 .debug_line    0x00000000       0xd9 e:/nxp/s32ds/build_tools/gcc_v10.2/gcc-10.2-arm32-eabi/bin/../lib/gcc/arm-none-eabi/10.2.0/../../../../arm-none-eabi/lib/thumb/v7e-m/nofp/rdimon-crt0.o
 .debug_line    0x000000d9      0x33e ./Project_Settings/Startup_Code/startup.o
 .debug_line    0x00000417       0x91 ./Project_Settings/Startup_Code/startup_S32K144.o
 .debug_line    0x000004a8      0x373 ./Project_Settings/Startup_Code/system_S32K144.o
 .debug_line    0x0000081b      0x28c ./src/adc.o
 .debug_line    0x00000aa7      0x287 ./src/led.o
 .debug_line    0x00000d2e      0x270 ./src/main.o
 .debug_line    0x00000f9e      0x37a ./src/software_timer.o

.debug_info     0x00000000     0x1776
 .debug_info    0x00000000       0x26 e:/nxp/s32ds/build_tools/gcc_v10.2/gcc-10.2-arm32-eabi/bin/../lib/gcc/arm-none-eabi/10.2.0/../../../../arm-none-eabi/lib/thumb/v7e-m/nofp/rdimon-crt0.o
 .debug_info    0x00000026      0x443 ./Project_Settings/Startup_Code/startup.o
 .debug_info    0x00000469       0x26 ./Project_Settings/Startup_Code/startup_S32K144.o
 .debug_info    0x0000048f      0x567 ./Project_Settings/Startup_Code/system_S32K144.o
 .debug_info    0x000009f6      0x31c ./src/adc.o
 .debug_info    0x00000d12      0x2bf ./src/led.o
 .debug_info    0x00000fd1       0xd5 ./src/main.o
 .debug_info    0x000010a6      0x6d0 ./src/software_timer.o

.debug_abbrev   0x00000000      0x6d5
 .debug_abbrev  0x00000000       0x14 e:/nxp/s32ds/build_tools/gcc_v10.2/gcc-10.2-arm32-eabi/bin/../lib/gcc/arm-none-eabi/10.2.0/../../../../arm-none-eabi/lib/thumb/v7e-m/nofp/rdimon-crt0.o
 .debug_abbrev  0x00000014      0x11c ./Project_Settings/Startup_Code/startup.o
 .debug_abbrev  0x00000130       0x14 ./Project_Settings/Startup_Code/startup_S32K144.o
 .debug_abbrev  0x00000144      0x13f ./Project_Settings/Startup_Code/system_S32K144.o
 .debug_abbrev  0x00000283       0xf6 ./src/adc.o
 .debug_abbrev  0x00000379      0x103 ./src/led.o
 .debug_abbrev  0x0000047c       0x69 ./src/main.o
 .debug_abbrev  0x000004e5      0x1f0 ./src/software_timer.o

.debug_str      0x00000000    0x62686
 .debug_str     0x00000000       0xad e:/nxp/s32ds/build_tools/gcc_v10.2/gcc-10.2-arm32-eabi/bin/../lib/gcc/arm-none-eabi/10.2.0/../../../../arm-none-eabi/lib/thumb/v7e-m/nofp/rdimon-crt0.o
 .debug_str     0x000000ad    0x61a5c ./Project_Settings/Startup_Code/startup.o
                              0x61bec (size before relaxing)
 .debug_str     0x00061b09       0x33 ./Project_Settings/Startup_Code/startup_S32K144.o
                                 0x5e (size before relaxing)
 .debug_str     0x00061b3c      0x1f3 ./Project_Settings/Startup_Code/system_S32K144.o
                              0x61a5d (size before relaxing)
 .debug_str     0x00061d2f       0xfe ./src/adc.o
                              0x56898 (size before relaxing)
 .debug_str     0x00061e2d       0xd9 ./src/led.o
                              0x56896 (size before relaxing)
 .debug_str     0x00061f06       0x91 ./src/main.o
                              0x5687c (size before relaxing)
 .debug_str     0x00061f97      0x6ef ./src/software_timer.o
                              0x56f1c (size before relaxing)

.debug_aranges  0x00000000      0x130
 .debug_aranges
                0x00000000       0x20 ./Project_Settings/Startup_Code/startup.o
 .debug_aranges
                0x00000020       0x20 ./Project_Settings/Startup_Code/startup_S32K144.o
 .debug_aranges
                0x00000040       0x30 ./Project_Settings/Startup_Code/system_S32K144.o
 .debug_aranges
                0x00000070       0x28 ./src/adc.o
 .debug_aranges
                0x00000098       0x30 ./src/led.o
 .debug_aranges
                0x000000c8       0x20 ./src/main.o
 .debug_aranges
                0x000000e8       0x48 ./src/software_timer.o

.debug_ranges   0x00000000       0xb0
 .debug_ranges  0x00000000       0x10 ./Project_Settings/Startup_Code/startup.o
 .debug_ranges  0x00000010       0x20 ./Project_Settings/Startup_Code/system_S32K144.o
 .debug_ranges  0x00000030       0x18 ./src/adc.o
 .debug_ranges  0x00000048       0x20 ./src/led.o
 .debug_ranges  0x00000068       0x10 ./src/main.o
 .debug_ranges  0x00000078       0x38 ./src/software_timer.o

.debug_macro    0x00000000    0x274e8
 .debug_macro   0x00000000       0xb5 ./Project_Settings/Startup_Code/startup.o
 .debug_macro   0x000000b5      0xa60 ./Project_Settings/Startup_Code/startup.o
 .debug_macro   0x00000b15       0x22 ./Project_Settings/Startup_Code/startup.o
 .debug_macro   0x00000b37       0x8e ./Project_Settings/Startup_Code/startup.o
 .debug_macro   0x00000bc5       0x51 ./Project_Settings/Startup_Code/startup.o
 .debug_macro   0x00000c16      0x103 ./Project_Settings/Startup_Code/startup.o
 .debug_macro   0x00000d19       0x6a ./Project_Settings/Startup_Code/startup.o
 .debug_macro   0x00000d83      0x1df ./Project_Settings/Startup_Code/startup.o
 .debug_macro   0x00000f62       0x10 ./Project_Settings/Startup_Code/startup.o
 .debug_macro   0x00000f72       0x78 ./Project_Settings/Startup_Code/startup.o
 .debug_macro   0x00000fea     0xc365 ./Project_Settings/Startup_Code/startup.o
 .debug_macro   0x0000d34f     0x1707 ./Project_Settings/Startup_Code/startup.o
 .debug_macro   0x0000ea56       0x22 ./Project_Settings/Startup_Code/startup.o
 .debug_macro   0x0000ea78       0x40 ./Project_Settings/Startup_Code/startup.o
 .debug_macro   0x0000eab8       0xb4 ./Project_Settings/Startup_Code/system_S32K144.o
 .debug_macro   0x0000eb6c       0x16 ./Project_Settings/Startup_Code/system_S32K144.o
 .debug_macro   0x0000eb82     0xc353 ./Project_Settings/Startup_Code/system_S32K144.o
 .debug_macro   0x0001aed5       0x28 ./Project_Settings/Startup_Code/system_S32K144.o
 .debug_macro   0x0001aefd       0x80 ./src/adc.o
 .debug_macro   0x0001af7d       0x10 ./src/adc.o
 .debug_macro   0x0001af8d       0x80 ./src/led.o
 .debug_macro   0x0001b00d       0x16 ./src/led.o
 .debug_macro   0x0001b023       0xa6 ./src/main.o
 .debug_macro   0x0001b0c9       0x28 ./src/main.o
 .debug_macro   0x0001b0f1       0x1c ./src/main.o
 .debug_macro   0x0001b10d       0x8b ./src/software_timer.o
 .debug_macro   0x0001b198     0xc350 ./src/software_timer.o

.debug_frame    0x00000000      0x2ac
 .debug_frame   0x00000000       0x38 ./Project_Settings/Startup_Code/startup.o
 .debug_frame   0x00000038       0x80 ./Project_Settings/Startup_Code/system_S32K144.o
 .debug_frame   0x000000b8       0x58 ./src/adc.o
 .debug_frame   0x00000110       0x78 ./src/led.o
 .debug_frame   0x00000188       0x30 ./src/main.o
 .debug_frame   0x000001b8       0xf4 ./src/software_timer.o
