Archive member included to satisfy reference by file (symbol)

e:/nxp/s32ds/build_tools/gcc_v10.2/gcc-10.2-arm32-eabi/bin/../lib/gcc/arm-none-eabi/10.2.0/../../../../arm-none-eabi/lib/thumb/v7e-m/nofp\libc.a(lib_a-exit.o)
                              e:/nxp/s32ds/build_tools/gcc_v10.2/gcc-10.2-arm32-eabi/bin/../lib/gcc/arm-none-eabi/10.2.0/../../../../arm-none-eabi/lib/thumb/v7e-m/nofp/rdimon-crt0.o (exit)
e:/nxp/s32ds/build_tools/gcc_v10.2/gcc-10.2-arm32-eabi/bin/../lib/gcc/arm-none-eabi/10.2.0/../../../../arm-none-eabi/lib/thumb/v7e-m/nofp\libc.a(lib_a-impure.o)
                              e:/nxp/s32ds/build_tools/gcc_v10.2/gcc-10.2-arm32-eabi/bin/../lib/gcc/arm-none-eabi/10.2.0/../../../../arm-none-eabi/lib/thumb/v7e-m/nofp\libc.a(lib_a-exit.o) (_global_impure_ptr)
e:/nxp/s32ds/build_tools/gcc_v10.2/gcc-10.2-arm32-eabi/bin/../lib/gcc/arm-none-eabi/10.2.0/../../../../arm-none-eabi/lib/thumb/v7e-m/nofp\libc.a(lib_a-init.o)
                              e:/nxp/s32ds/build_tools/gcc_v10.2/gcc-10.2-arm32-eabi/bin/../lib/gcc/arm-none-eabi/10.2.0/../../../../arm-none-eabi/lib/thumb/v7e-m/nofp/rdimon-crt0.o (__libc_init_array)
e:/nxp/s32ds/build_tools/gcc_v10.2/gcc-10.2-arm32-eabi/bin/../lib/gcc/arm-none-eabi/10.2.0/../../../../arm-none-eabi/lib/thumb/v7e-m/nofp\libc.a(lib_a-memset.o)
                              e:/nxp/s32ds/build_tools/gcc_v10.2/gcc-10.2-arm32-eabi/bin/../lib/gcc/arm-none-eabi/10.2.0/../../../../arm-none-eabi/lib/thumb/v7e-m/nofp/rdimon-crt0.o (memset)
e:/nxp/s32ds/build_tools/gcc_v10.2/gcc-10.2-arm32-eabi/bin/../lib/gcc/arm-none-eabi/10.2.0/../../../../arm-none-eabi/lib/thumb/v7e-m/nofp\libc.a(lib_a-__call_atexit.o)
                              e:/nxp/s32ds/build_tools/gcc_v10.2/gcc-10.2-arm32-eabi/bin/../lib/gcc/arm-none-eabi/10.2.0/../../../../arm-none-eabi/lib/thumb/v7e-m/nofp\libc.a(lib_a-exit.o) (__call_exitprocs)
e:/nxp/s32ds/build_tools/gcc_v10.2/gcc-10.2-arm32-eabi/bin/../lib/gcc/arm-none-eabi/10.2.0/../../../../arm-none-eabi/lib/thumb/v7e-m/nofp\libc.a(lib_a-fini.o)
                              e:/nxp/s32ds/build_tools/gcc_v10.2/gcc-10.2-arm32-eabi/bin/../lib/gcc/arm-none-eabi/10.2.0/../../../../arm-none-eabi/lib/thumb/v7e-m/nofp\libc.a(lib_a-__call_atexit.o) (__libc_fini_array)
e:/nxp/s32ds/build_tools/gcc_v10.2/gcc-10.2-arm32-eabi/bin/../lib/gcc/arm-none-eabi/10.2.0/../../../../arm-none-eabi/lib/thumb/v7e-m/nofp\libc.a(lib_a-atexit.o)
                              e:/nxp/s32ds/build_tools/gcc_v10.2/gcc-10.2-arm32-eabi/bin/../lib/gcc/arm-none-eabi/10.2.0/../../../../arm-none-eabi/lib/thumb/v7e-m/nofp\libc.a(lib_a-__call_atexit.o) (atexit)
e:/nxp/s32ds/build_tools/gcc_v10.2/gcc-10.2-arm32-eabi/bin/../lib/gcc/arm-none-eabi/10.2.0/../../../../arm-none-eabi/lib/thumb/v7e-m/nofp\libc.a(lib_a-__atexit.o)
                              e:/nxp/s32ds/build_tools/gcc_v10.2/gcc-10.2-arm32-eabi/bin/../lib/gcc/arm-none-eabi/10.2.0/../../../../arm-none-eabi/lib/thumb/v7e-m/nofp\libc.a(lib_a-atexit.o) (__register_exitproc)
e:/nxp/s32ds/build_tools/gcc_v10.2/gcc-10.2-arm32-eabi/bin/../lib/gcc/arm-none-eabi/10.2.0/../../../../arm-none-eabi/lib/thumb/v7e-m/nofp\librdimon.a(rdimon-syscalls.o)
                              e:/nxp/s32ds/build_tools/gcc_v10.2/gcc-10.2-arm32-eabi/bin/../lib/gcc/arm-none-eabi/10.2.0/../../../../arm-none-eabi/lib/thumb/v7e-m/nofp/rdimon-crt0.o (initialise_monitor_handles)
e:/nxp/s32ds/build_tools/gcc_v10.2/gcc-10.2-arm32-eabi/bin/../lib/gcc/arm-none-eabi/10.2.0/../../../../arm-none-eabi/lib/thumb/v7e-m/nofp\librdimon.a(rdimon-_exit.o)
                              e:/nxp/s32ds/build_tools/gcc_v10.2/gcc-10.2-arm32-eabi/bin/../lib/gcc/arm-none-eabi/10.2.0/../../../../arm-none-eabi/lib/thumb/v7e-m/nofp\libc.a(lib_a-exit.o) (_exit)
e:/nxp/s32ds/build_tools/gcc_v10.2/gcc-10.2-arm32-eabi/bin/../lib/gcc/arm-none-eabi/10.2.0/../../../../arm-none-eabi/lib/thumb/v7e-m/nofp\librdimon.a(rdimon-_kill.o)
                              e:/nxp/s32ds/build_tools/gcc_v10.2/gcc-10.2-arm32-eabi/bin/../lib/gcc/arm-none-eabi/10.2.0/../../../../arm-none-eabi/lib/thumb/v7e-m/nofp\librdimon.a(rdimon-_exit.o) (_kill_shared)
e:/nxp/s32ds/build_tools/gcc_v10.2/gcc-10.2-arm32-eabi/bin/../lib/gcc/arm-none-eabi/10.2.0/../../../../arm-none-eabi/lib/thumb/v7e-m/nofp\libc.a(lib_a-errno.o)
                              e:/nxp/s32ds/build_tools/gcc_v10.2/gcc-10.2-arm32-eabi/bin/../lib/gcc/arm-none-eabi/10.2.0/../../../../arm-none-eabi/lib/thumb/v7e-m/nofp\librdimon.a(rdimon-syscalls.o) (__errno)
e:/nxp/s32ds/build_tools/gcc_v10.2/gcc-10.2-arm32-eabi/bin/../lib/gcc/arm-none-eabi/10.2.0/../../../../arm-none-eabi/lib/thumb/v7e-m/nofp\libc.a(lib_a-findfp.o)
                              e:/nxp/s32ds/build_tools/gcc_v10.2/gcc-10.2-arm32-eabi/bin/../lib/gcc/arm-none-eabi/10.2.0/../../../../arm-none-eabi/lib/thumb/v7e-m/nofp\librdimon.a(rdimon-syscalls.o) (__sinit)
[...]
Memory Configuration

Name             Origin             Length             Attributes
m_interrupts     0x00000000         0x00000400         xr
m_flash_config   0x00000400         0x00000010         xr
m_text           0x00000410         0x0007fbf0         xr
m_data           0x1fff8000         0x00008000         rw
m_data_2         0x20000000         0x00007000         rw
*default*        0x00000000         0xffffffff

Linker script and memory map

LOAD e:/nxp/s32ds/build_tools/gcc_v10.2/gcc-10.2-arm32-eabi/bin/../lib/gcc/arm-none-eabi/10.2.0/thumb/v7e-m/nofp/crti.o
LOAD e:/nxp/s32ds/build_tools/gcc_v10.2/gcc-10.2-arm32-eabi/bin/../lib/gcc/arm-none-eabi/10.2.0/thumb/v7e-m/nofp/crtbegin.o
LOAD e:/nxp/s32ds/build_tools/gcc_v10.2/gcc-10.2-arm32-eabi/bin/../lib/gcc/arm-none-eabi/10.2.0/../../../../arm-none-eabi/lib/thumb/v7e-m/nofp/rdimon-crt0.o
LOAD ./Project_Settings/Startup_Code/startup.o
LOAD ./Project_Settings/Startup_Code/startup_S32K144.o
LOAD ./Project_Settings/Startup_Code/system_S32K144.o
LOAD ./src/driver_gpio.o
LOAD ./src/driver_port.o
LOAD ./src/main.o
LOAD ./src/nvic_custom.o
START GROUP
LOAD e:/nxp/s32ds/build_tools/gcc_v10.2/gcc-10.2-arm32-eabi/bin/../lib/gcc/arm-none-eabi/10.2.0/thumb/v7e-m/nofp\libgcc.a
LOAD e:/nxp/s32ds/build_tools/gcc_v10.2/gcc-10.2-arm32-eabi/bin/../lib/gcc/arm-none-eabi/10.2.0/../../../../arm-none-eabi/lib/thumb/v7e-m/nofp\libc.a
END GROUP
START GROUP
LOAD e:/nxp/s32ds/build_tools/gcc_v10.2/gcc-10.2-arm32-eabi/bin/../lib/gcc/arm-none-eabi/10.2.0/thumb/v7e-m/nofp\libgcc.a
LOAD e:/nxp/s32ds/build_tools/gcc_v10.2/gcc-10.2-arm32-eabi/bin/../lib/gcc/arm-none-eabi/10.2.0/../../../../arm-none-eabi/lib/thumb/v7e-m/nofp\libc.a
LOAD e:/nxp/s32ds/build_tools/gcc_v10.2/gcc-10.2-arm32-eabi/bin/../lib/gcc/arm-none-eabi/10.2.0/../../../../arm-none-eabi/lib/thumb/v7e-m/nofp\librdimon.a
END GROUP
LOAD e:/nxp/s32ds/build_tools/gcc_v10.2/gcc-10.2-arm32-eabi/bin/../lib/gcc/arm-none-eabi/10.2.0/thumb/v7e-m/nofp/crtend.o
LOAD e:/nxp/s32ds/build_tools/gcc_v10.2/gcc-10.2-arm32-eabi/bin/../lib/gcc/arm-none-eabi/10.2.0/thumb/v7e-m/nofp/crtn.o
                0x00000400                HEAP_SIZE = DEFINED (__heap_size__)?__heap_size__:0x400
                0x00000400                STACK_SIZE = DEFINED (__stack_size__)?__stack_size__:0x400
                0x00000400                M_VECTOR_RAM_SIZE = DEFINED (__flash_vector_table__)?0x0:0x400

.interrupts     0x00000000      0x400
                0x00000000                __VECTOR_TABLE = .
                0x00000000                __interrupts_start__ = .
                0x00000000                . = ALIGN (0x4)
 *(.isr_vector)
 .isr_vector    0x00000000      0x400 ./Project_Settings/Startup_Code/startup_S32K144.o
                0x00000000                __isr_vector
                0x00000400                __interrupts_end__ = .
                0x00000400                . = ALIGN (0x4)

.flash_config   0x00000400       0x10
                0x00000400                . = ALIGN (0x4)
 *(.FlashConfig)
 .FlashConfig   0x00000400       0x10 ./Project_Settings/Startup_Code/startup_S32K144.o
                0x00000410                . = ALIGN (0x4)

.text           0x00000410     0x172c
                0x00000410                . = ALIGN (0x4)
 *(.text)
 .text          0x00000410       0x88 e:/nxp/s32ds/build_tools/gcc_v10.2/gcc-10.2-arm32-eabi/bin/../lib/gcc/arm-none-eabi/10.2.0/thumb/v7e-m/nofp/crtbegin.o
 .text          0x00000498       0xf8 e:/nxp/s32ds/build_tools/gcc_v10.2/gcc-10.2-arm32-eabi/bin/../lib/gcc/arm-none-eabi/10.2.0/../../../../arm-none-eabi/lib/thumb/v7e-m/nofp/rdimon-crt0.o
                0x00000498                _stack_init
                0x000004a4                _start
                0x000004a4                _mainCRTStartup
 .text          0x00000590       0x6c ./Project_Settings/Startup_Code/startup_S32K144.o
                0x00000590                Reset_Handler
                0x000005f8                DebugMon_Handler
                0x000005f8                Reserved88_IRQHandler
                0x000005f8                CAN0_ORed_IRQHandler
                0x000005f8                HardFault_Handler
                0x000005f8                Reserved86_IRQHandler
                0x000005f8                Reserved103_IRQHandler
                0x000005f8                SysTick_Handler
                0x000005f8                FTM2_Ovf_Reload_IRQHandler
                0x000005f8                Reserved50_IRQHandler
                0x000005f8                FTFC_Fault_IRQHandler
                0x000005f8                FTM0_Ch6_Ch7_IRQHandler
                0x000005f8                Reserved114_IRQHandler
                0x000005f8                PendSV_Handler
                0x000005f8                NMI_Handler
                0x000005f8                Reserved89_IRQHandler
                0x000005f8                ERM_double_fault_IRQHandler
                0x000005f8                DMA2_IRQHandler
                0x000005f8                Reserved59_IRQHandler
                0x000005f8                LPIT0_Ch0_IRQHandler
                0x000005f8                Reserved99_IRQHandler
                0x000005f8                FTM3_Ch6_Ch7_IRQHandler
                0x000005f8                CAN2_ORed_0_15_MB_IRQHandler
                0x000005f8                LPIT0_Ch3_IRQHandler
                0x000005f8                Reserved92_IRQHandler
                0x000005f8                FTM0_Ch4_Ch5_IRQHandler
                0x000005f8                CAN1_Error_IRQHandler
                0x000005f8                FTM3_Ch0_Ch1_IRQHandler
                0x000005f8                SWI_IRQHandler
                0x000005f8                ADC0_IRQHandler
                0x000005f8                FTM2_Ch4_Ch5_IRQHandler
                0x000005f8                UsageFault_Handler
                0x000005f8                FTM0_Ovf_Reload_IRQHandler
                0x000005f8                DefaultISR
                0x000005f8                DMA9_IRQHandler
                0x000005f8                Reserved58_IRQHandler
                0x000005f8                CAN1_ORed_0_15_MB_IRQHandler
                0x000005f8                FTM1_Ch2_Ch3_IRQHandler
                0x000005f8                DMA14_IRQHandler
                0x000005f8                Reserved82_IRQHandler
                0x000005f8                CAN0_ORed_16_31_MB_IRQHandler
                0x000005f8                LPI2C0_Slave_IRQHandler
                0x000005f8                Reserved71_IRQHandler
                0x000005f8                PORTD_IRQHandler
                0x000005f8                Reserved69_IRQHandler
                0x000005f8                PORTB_IRQHandler
                0x000005f8                Reserved70_IRQHandler
                0x000005f8                ADC1_IRQHandler
                0x000005f8                FTM2_Ch2_Ch3_IRQHandler
                0x000005f8                Reserved53_IRQHandler
                0x000005f8                DMA5_IRQHandler
                0x000005f8                RTC_IRQHandler
                0x000005f8                PDB0_IRQHandler
                0x000005f8                Reserved54_IRQHandler
                0x000005f8                FTM2_Ch6_Ch7_IRQHandler
                0x000005f8                FTM3_Ch2_Ch3_IRQHandler
                0x000005f8                FTM2_Ch0_Ch1_IRQHandler
                0x000005f8                LPSPI1_IRQHandler
                0x000005f8                LPUART1_RxTx_IRQHandler
                0x000005f8                RTC_Seconds_IRQHandler
                0x000005f8                CAN2_ORed_IRQHandler
                0x000005f8                Reserved72_IRQHandler
                0x000005f8                Reserved110_IRQHandler
                0x000005f8                DMA11_IRQHandler
                0x000005f8                Reserved107_IRQHandler
                0x000005f8                Read_Collision_IRQHandler
                0x000005f8                CAN2_Error_IRQHandler
                0x000005f8                FTFC_IRQHandler
                0x000005f8                DMA7_IRQHandler
                0x000005f8                FTM1_Ch6_Ch7_IRQHandler
                0x000005f8                Reserved105_IRQHandler
                0x000005f8                LPIT0_Ch1_IRQHandler
                0x000005f8                FTM1_Ch4_Ch5_IRQHandler
                0x000005f8                FTM3_Ovf_Reload_IRQHandler
                0x000005f8                LPUART2_RxTx_IRQHandler
                0x000005f8                LPSPI0_IRQHandler
                0x000005f8                WDOG_EWM_IRQHandler
                0x000005f8                MemManage_Handler
                0x000005f8                Reserved90_IRQHandler
                0x000005f8                Reserved83_IRQHandler
                0x000005f8                FTM0_Fault_IRQHandler
                0x000005f8                Reserved48_IRQHandler
                0x000005f8                SVC_Handler
                0x000005f8                ERM_single_fault_IRQHandler
                0x000005f8                FTM2_Fault_IRQHandler
                0x000005f8                FTM0_Ch2_Ch3_IRQHandler
                0x000005f8                DMA13_IRQHandler
                0x000005f8                FTM0_Ch0_Ch1_IRQHandler
                0x000005f8                FTM3_Fault_IRQHandler
                0x000005f8                RCM_IRQHandler
                0x000005f8                DMA3_IRQHandler
                0x000005f8                Reserved100_IRQHandler
                0x000005f8                DMA0_IRQHandler
                0x000005f8                Reserved91_IRQHandler
                0x000005f8                CAN1_ORed_IRQHandler
                0x000005f8                DMA15_IRQHandler
                0x000005f8                SCG_IRQHandler
                0x000005f8                PDB1_IRQHandler
                0x000005f8                Reserved81_IRQHandler
                0x000005f8                Reserved46_IRQHandler
                0x000005f8                Reserved45_IRQHandler
                0x000005f8                CAN0_Error_IRQHandler
                0x000005f8                Reserved112_IRQHandler
                0x000005f8                LPI2C0_Master_IRQHandler
                0x000005f8                DMA4_IRQHandler
                0x000005f8                FTM1_Fault_IRQHandler
                0x000005f8                Reserved106_IRQHandler
                0x000005f8                DMA_Error_IRQHandler
                0x000005f8                LVD_LVW_IRQHandler
                0x000005f8                LPIT0_Ch2_IRQHandler
                0x000005f8                PORTA_IRQHandler
                0x000005f8                MCM_IRQHandler
                0x000005f8                LPSPI2_IRQHandler
                0x000005f8                DMA12_IRQHandler
                0x000005f8                FTM3_Ch4_Ch5_IRQHandler
                0x000005f8                CAN0_ORed_0_15_MB_IRQHandler
                0x000005f8                PORTE_IRQHandler
                0x000005f8                LPUART0_RxTx_IRQHandler
                0x000005f8                LPTMR0_IRQHandler
                0x000005f8                BusFault_Handler
                0x000005f8                Reserved87_IRQHandler
                0x000005f8                FTM1_Ovf_Reload_IRQHandler
                0x000005f8                DMA8_IRQHandler
                0x000005f8                Reserved93_IRQHandler
                0x000005f8                DMA10_IRQHandler
                0x000005f8                CAN0_Wake_Up_IRQHandler
                0x000005f8                CMP0_IRQHandler
                0x000005f8                Reserved52_IRQHandler
                0x000005f8                PORTC_IRQHandler
                0x000005f8                DMA6_IRQHandler
                0x000005f8                FTM1_Ch0_Ch1_IRQHandler
                0x000005f8                FLEXIO_IRQHandler
                0x000005f8                DMA1_IRQHandler
                0x000005f8                Reserved113_IRQHandler
 .text          0x000005fc       0x10 e:/nxp/s32ds/build_tools/gcc_v10.2/gcc-10.2-arm32-eabi/bin/../lib/gcc/arm-none-eabi/10.2.0/../../../../arm-none-eabi/lib/thumb/v7e-m/nofp\libc.a(lib_a-strlen.o)
                0x000005fc                strlen
 *(.text*)
 .text.init_data_bss
                0x0000060c      0x128 ./Project_Settings/Startup_Code/startup.o
                0x0000060c                init_data_bss
 .text.SystemInit
                0x00000734       0x30 ./Project_Settings/Startup_Code/system_S32K144.o
                0x00000734                SystemInit
 .text.get_gpio_base
                0x00000764       0x60 ./src/driver_gpio.o
 .text.init_pin_map
                0x000007c4       0x4c ./src/driver_gpio.o
 .text.gpio_port_forward_event
                0x00000810       0x5c ./src/driver_gpio.o
 .text.ARM_GPIO_Setup
                0x0000086c       0xac ./src/driver_gpio.o
 .text.ARM_GPIO_SetDirection
                0x00000918       0x88 ./src/driver_gpio.o
 .text.ARM_GPIO_SetOutputMode
                0x000009a0       0x24 ./src/driver_gpio.o
 .text.ARM_GPIO_SetPullResistor
                0x000009c4       0x7c ./src/driver_gpio.o
 .text.ARM_GPIO_SetEventTrigger
                0x00000a40       0x94 ./src/driver_gpio.o
 .text.ARM_GPIO_SetOutput
                0x00000ad4       0x60 ./src/driver_gpio.o
 .text.ARM_GPIO_GetInput
                0x00000b34       0x58 ./src/driver_gpio.o
 .text.Button_Event
                0x00000b8c       0x68 ./src/driver_gpio.o
                0x00000b8c                Button_Event
 .text.DRIVER_PORT_EnableClock
                0x00000bf4       0x14 ./src/driver_port.o
                0x00000bf4                DRIVER_PORT_EnableClock
 .text.DRIVER_PORT_PinMux
                0x00000c08       0x1c ./src/driver_port.o
                0x00000c08                DRIVER_PORT_PinMux
 .text.DRIVER_PORT_PullConfig
                0x00000c24       0x28 ./src/driver_port.o
                0x00000c24                DRIVER_PORT_PullConfig
 .text.DRIVER_PORT_PinInterruptConfig
                0x00000c4c       0x1c ./src/driver_port.o
                0x00000c4c                DRIVER_PORT_PinInterruptConfig
 .text.DRIVER_PORT_RegisterCallback
                0x00000c68       0x2c ./src/driver_port.o
                0x00000c68                DRIVER_PORT_RegisterCallback
 .text.delay_ms
                0x00000c94       0x48 ./src/main.o
 .text.main     0x00000cdc       0xf8 ./src/main.o
                0x00000cdc                main
 .text.exit     0x00000dd4       0x20 e:/nxp/s32ds/build_tools/gcc_v10.2/gcc-10.2-arm32-eabi/bin/../lib/gcc/arm-none-eabi/10.2.0/../../../../arm-none-eabi/lib/thumb/v7e-m/nofp\libc.a(lib_a-exit.o)
                0x00000dd4                exit
 .text.__libc_init_array
                0x00000df4       0x48 e:/nxp/s32ds/build_tools/gcc_v10.2/gcc-10.2-arm32-eabi/bin/../lib/gcc/arm-none-eabi/10.2.0/../../../../arm-none-eabi/lib/thumb/v7e-m/nofp\libc.a(lib_a-init.o)
                0x00000df4                __libc_init_array
 .text.memset   0x00000e3c       0x10 e:/nxp/s32ds/build_tools/gcc_v10.2/gcc-10.2-arm32-eabi/bin/../lib/gcc/arm-none-eabi/10.2.0/../../../../arm-none-eabi/lib/thumb/v7e-m/nofp\libc.a(lib_a-memset.o)
                0x00000e3c                memset
 .text.startup.register_fini
                0x00000e4c       0x14 e:/nxp/s32ds/build_tools/gcc_v10.2/gcc-10.2-arm32-eabi/bin/../lib/gcc/arm-none-eabi/10.2.0/../../../../arm-none-eabi/lib/thumb/v7e-m/nofp\libc.a(lib_a-__call_atexit.o)
 .text.__call_exitprocs
                0x00000e60       0xa4 e:/nxp/s32ds/build_tools/gcc_v10.2/gcc-10.2-arm32-eabi/bin/../lib/gcc/arm-none-eabi/10.2.0/../../../../arm-none-eabi/lib/thumb/v7e-m/nofp\libc.a(lib_a-__call_atexit.o)
                0x00000e60                __call_exitprocs
 .text.__libc_fini_array
                0x00000f04       0x28 e:/nxp/s32ds/build_tools/gcc_v10.2/gcc-10.2-arm32-eabi/bin/../lib/gcc/arm-none-eabi/10.2.0/../../../../arm-none-eabi/lib/thumb/v7e-m/nofp\libc.a(lib_a-fini.o)
                0x00000f04                __libc_fini_array
 .text.atexit   0x00000f2c        0xc e:/nxp/s32ds/build_tools/gcc_v10.2/gcc-10.2-arm32-eabi/bin/../lib/gcc/arm-none-eabi/10.2.0/../../../../arm-none-eabi/lib/thumb/v7e-m/nofp\libc.a(lib_a-atexit.o)
                0x00000f2c                atexit
 .text.__register_exitproc
                0x00000f38       0x64 e:/nxp/s32ds/build_tools/gcc_v10.2/gcc-10.2-arm32-eabi/bin/../lib/gcc/arm-none-eabi/10.2.0/../../../../arm-none-eabi/lib/thumb/v7e-m/nofp\libc.a(lib_a-__atexit.o)
                0x00000f38                __register_exitproc
 .text.findslot
                0x00000f9c       0x34 e:/nxp/s32ds/build_tools/gcc_v10.2/gcc-10.2-arm32-eabi/bin/../lib/gcc/arm-none-eabi/10.2.0/../../../../arm-none-eabi/lib/thumb/v7e-m/nofp\librdimon.a(rdimon-syscalls.o)
 .text.error    0x00000fd0       0x1c e:/nxp/s32ds/build_tools/gcc_v10.2/gcc-10.2-arm32-eabi/bin/../lib/gcc/arm-none-eabi/10.2.0/../../../../arm-none-eabi/lib/thumb/v7e-m/nofp\librdimon.a(rdimon-syscalls.o)
 .text.checkerror
                0x00000fec        0xa e:/nxp/s32ds/build_tools/gcc_v10.2/gcc-10.2-arm32-eabi/bin/../lib/gcc/arm-none-eabi/10.2.0/../../../../arm-none-eabi/lib/thumb/v7e-m/nofp\librdimon.a(rdimon-syscalls.o)
 .text._swiread
                0x00000ff6       0x20 e:/nxp/s32ds/build_tools/gcc_v10.2/gcc-10.2-arm32-eabi/bin/../lib/gcc/arm-none-eabi/10.2.0/../../../../arm-none-eabi/lib/thumb/v7e-m/nofp\librdimon.a(rdimon-syscalls.o)
                0x00000ff6                _swiread
 .text._read    0x00001016       0x34 e:/nxp/s32ds/build_tools/gcc_v10.2/gcc-10.2-arm32-eabi/bin/../lib/gcc/arm-none-eabi/10.2.0/../../../../arm-none-eabi/lib/thumb/v7e-m/nofp\librdimon.a(rdimon-syscalls.o)
                0x00001016                _read
 .text._swilseek
                0x0000104a       0x78 e:/nxp/s32ds/build_tools/gcc_v10.2/gcc-10.2-arm32-eabi/bin/../lib/gcc/arm-none-eabi/10.2.0/../../../../arm-none-eabi/lib/thumb/v7e-m/nofp\librdimon.a(rdimon-syscalls.o)
                0x0000104a                _swilseek
 .text._lseek   0x000010c2        0x4 e:/nxp/s32ds/build_tools/gcc_v10.2/gcc-10.2-arm32-eabi/bin/../lib/gcc/arm-none-eabi/10.2.0/../../../../arm-none-eabi/lib/thumb/v7e-m/nofp\librdimon.a(rdimon-syscalls.o)
                0x000010c2                _lseek
 .text._swiwrite
                0x000010c6       0x20 e:/nxp/s32ds/build_tools/gcc_v10.2/gcc-10.2-arm32-eabi/bin/../lib/gcc/arm-none-eabi/10.2.0/../../../../arm-none-eabi/lib/thumb/v7e-m/nofp\librdimon.a(rdimon-syscalls.o)
                0x000010c6                _swiwrite
 .text._write   0x000010e6       0x40 e:/nxp/s32ds/build_tools/gcc_v10.2/gcc-10.2-arm32-eabi/bin/../lib/gcc/arm-none-eabi/10.2.0/../../../../arm-none-eabi/lib/thumb/v7e-m/nofp\librdimon.a(rdimon-syscalls.o)
                0x000010e6                _write
 .text._swiclose
                0x00001126       0x1a e:/nxp/s32ds/build_tools/gcc_v10.2/gcc-10.2-arm32-eabi/bin/../lib/gcc/arm-none-eabi/10.2.0/../../../../arm-none-eabi/lib/thumb/v7e-m/nofp\librdimon.a(rdimon-syscalls.o)
                0x00001126                _swiclose
 .text._close   0x00001140       0x4c e:/nxp/s32ds/build_tools/gcc_v10.2/gcc-10.2-arm32-eabi/bin/../lib/gcc/arm-none-eabi/10.2.0/../../../../arm-none-eabi/lib/thumb/v7e-m/nofp\librdimon.a(rdimon-syscalls.o)
                0x00001140                _close
 .text._sbrk    0x0000118c       0x48 e:/nxp/s32ds/build_tools/gcc_v10.2/gcc-10.2-arm32-eabi/bin/../lib/gcc/arm-none-eabi/10.2.0/../../../../arm-none-eabi/lib/thumb/v7e-m/nofp\librdimon.a(rdimon-syscalls.o)
                0x0000118c                _sbrk
 .text._swistat
                0x000011d4       0x42 e:/nxp/s32ds/build_tools/gcc_v10.2/gcc-10.2-arm32-eabi/bin/../lib/gcc/arm-none-eabi/10.2.0/../../../../arm-none-eabi/lib/thumb/v7e-m/nofp\librdimon.a(rdimon-syscalls.o)
                0x000011d4                _swistat
 .text._stat    0x00001216       0x3a e:/nxp/s32ds/build_tools/gcc_v10.2/gcc-10.2-arm32-eabi/bin/../lib/gcc/arm-none-eabi/10.2.0/../../../../arm-none-eabi/lib/thumb/v7e-m/nofp\librdimon.a(rdimon-syscalls.o)
                0x00001216                _stat
 .text._swiopen
                0x00001250       0xb4 e:/nxp/s32ds/build_tools/gcc_v10.2/gcc-10.2-arm32-eabi/bin/../lib/gcc/arm-none-eabi/10.2.0/../../../../arm-none-eabi/lib/thumb/v7e-m/nofp\librdimon.a(rdimon-syscalls.o)
                0x00001250                _swiopen
 .text._get_semihosting_exts
                0x00001304       0xb8 e:/nxp/s32ds/build_tools/gcc_v10.2/gcc-10.2-arm32-eabi/bin/../lib/gcc/arm-none-eabi/10.2.0/../../../../arm-none-eabi/lib/thumb/v7e-m/nofp\librdimon.a(rdimon-syscalls.o)
                0x00001304                _get_semihosting_exts
 .text.initialise_semihosting_exts
                0x000013bc       0x34 e:/nxp/s32ds/build_tools/gcc_v10.2/gcc-10.2-arm32-eabi/bin/../lib/gcc/arm-none-eabi/10.2.0/../../../../arm-none-eabi/lib/thumb/v7e-m/nofp\librdimon.a(rdimon-syscalls.o)
 .text._has_ext_exit_extended
                0x000013f0       0x18 e:/nxp/s32ds/build_tools/gcc_v10.2/gcc-10.2-arm32-eabi/bin/../lib/gcc/arm-none-eabi/10.2.0/../../../../arm-none-eabi/lib/thumb/v7e-m/nofp\librdimon.a(rdimon-syscalls.o)
                0x000013f0                _has_ext_exit_extended
 .text._has_ext_stdout_stderr
                0x00001408       0x18 e:/nxp/s32ds/build_tools/gcc_v10.2/gcc-10.2-arm32-eabi/bin/../lib/gcc/arm-none-eabi/10.2.0/../../../../arm-none-eabi/lib/thumb/v7e-m/nofp\librdimon.a(rdimon-syscalls.o)
                0x00001408                _has_ext_stdout_stderr
 .text.initialise_monitor_handles
                0x00001420       0xc0 e:/nxp/s32ds/build_tools/gcc_v10.2/gcc-10.2-arm32-eabi/bin/../lib/gcc/arm-none-eabi/10.2.0/../../../../arm-none-eabi/lib/thumb/v7e-m/nofp\librdimon.a(rdimon-syscalls.o)
                0x00001420                initialise_monitor_handles
 .text._exit    0x000014e0       0x14 e:/nxp/s32ds/build_tools/gcc_v10.2/gcc-10.2-arm32-eabi/bin/../lib/gcc/arm-none-eabi/10.2.0/../../../../arm-none-eabi/lib/thumb/v7e-m/nofp\librdimon.a(rdimon-_exit.o)
                0x000014e0                _exit
 .text._kill_shared
                0x000014f4       0x26 e:/nxp/s32ds/build_tools/gcc_v10.2/gcc-10.2-arm32-eabi/bin/../lib/gcc/arm-none-eabi/10.2.0/../../../../arm-none-eabi/lib/thumb/v7e-m/nofp\librdimon.a(rdimon-_kill.o)
                0x000014f4                _kill_shared
 *fill*         0x0000151a        0x2 
 .text.__errno  0x0000151c        0xc e:/nxp/s32ds/build_tools/gcc_v10.2/gcc-10.2-arm32-eabi/bin/../lib/gcc/arm-none-eabi/10.2.0/../../../../arm-none-eabi/lib/thumb/v7e-m/nofp\libc.a(lib_a-errno.o)
                0x0000151c                __errno
 .text.std      0x00001528       0x48 e:/nxp/s32ds/build_tools/gcc_v10.2/gcc-10.2-arm32-eabi/bin/../lib/gcc/arm-none-eabi/10.2.0/../../../../arm-none-eabi/lib/thumb/v7e-m/nofp\libc.a(lib_a-findfp.o)
 .text._cleanup_r
                0x00001570        0xc e:/nxp/s32ds/build_tools/gcc_v10.2/gcc-10.2-arm32-eabi/bin/../lib/gcc/arm-none-eabi/10.2.0/../../../../arm-none-eabi/lib/thumb/v7e-m/nofp\libc.a(lib_a-findfp.o)
                0x00001570                _cleanup_r
 .text.__sinit  0x0000157c       0x44 e:/nxp/s32ds/build_tools/gcc_v10.2/gcc-10.2-arm32-eabi/bin/../lib/gcc/arm-none-eabi/10.2.0/../../../../arm-none-eabi/lib/thumb/v7e-m/nofp\libc.a(lib_a-findfp.o)
                0x0000157c                __sinit
 .text._fwalk_reent
                0x000015c0       0x3e e:/nxp/s32ds/build_tools/gcc_v10.2/gcc-10.2-arm32-eabi/bin/../lib/gcc/arm-none-eabi/10.2.0/../../../../arm-none-eabi/lib/thumb/v7e-m/nofp\libc.a(lib_a-fwalk.o)
                0x000015c0                _fwalk_reent
 .text.__malloc_lock
                0x000015fe        0x2 e:/nxp/s32ds/build_tools/gcc_v10.2/gcc-10.2-arm32-eabi/bin/../lib/gcc/arm-none-eabi/10.2.0/../../../../arm-none-eabi/lib/thumb/v7e-m/nofp\libc.a(lib_a-mlock.o)
                0x000015fe                __malloc_lock
 .text.__malloc_unlock
                0x00001600        0x2 e:/nxp/s32ds/build_tools/gcc_v10.2/gcc-10.2-arm32-eabi/bin/../lib/gcc/arm-none-eabi/10.2.0/../../../../arm-none-eabi/lib/thumb/v7e-m/nofp\libc.a(lib_a-mlock.o)
                0x00001600                __malloc_unlock
 *fill*         0x00001602        0x2 
 .text._sbrk_r  0x00001604       0x20 e:/nxp/s32ds/build_tools/gcc_v10.2/gcc-10.2-arm32-eabi/bin/../lib/gcc/arm-none-eabi/10.2.0/../../../../arm-none-eabi/lib/thumb/v7e-m/nofp\libc.a(lib_a-sbrkr.o)
                0x00001604                _sbrk_r
 .text.__sread  0x00001624       0x22 e:/nxp/s32ds/build_tools/gcc_v10.2/gcc-10.2-arm32-eabi/bin/../lib/gcc/arm-none-eabi/10.2.0/../../../../arm-none-eabi/lib/thumb/v7e-m/nofp\libc.a(lib_a-stdio.o)
                0x00001624                __sread
 .text.__swrite
                0x00001646       0x38 e:/nxp/s32ds/build_tools/gcc_v10.2/gcc-10.2-arm32-eabi/bin/../lib/gcc/arm-none-eabi/10.2.0/../../../../arm-none-eabi/lib/thumb/v7e-m/nofp\libc.a(lib_a-stdio.o)
                0x00001646                __swrite
 .text.__sseek  0x0000167e       0x24 e:/nxp/s32ds/build_tools/gcc_v10.2/gcc-10.2-arm32-eabi/bin/../lib/gcc/arm-none-eabi/10.2.0/../../../../arm-none-eabi/lib/thumb/v7e-m/nofp\libc.a(lib_a-stdio.o)
                0x0000167e                __sseek
 .text.__sclose
                0x000016a2        0x8 e:/nxp/s32ds/build_tools/gcc_v10.2/gcc-10.2-arm32-eabi/bin/../lib/gcc/arm-none-eabi/10.2.0/../../../../arm-none-eabi/lib/thumb/v7e-m/nofp\libc.a(lib_a-stdio.o)
                0x000016a2                __sclose
 *fill*         0x000016aa        0x2 
 .text._write_r
                0x000016ac       0x24 e:/nxp/s32ds/build_tools/gcc_v10.2/gcc-10.2-arm32-eabi/bin/../lib/gcc/arm-none-eabi/10.2.0/../../../../arm-none-eabi/lib/thumb/v7e-m/nofp\libc.a(lib_a-writer.o)
                0x000016ac                _write_r
 .text._close_r
                0x000016d0       0x20 e:/nxp/s32ds/build_tools/gcc_v10.2/gcc-10.2-arm32-eabi/bin/../lib/gcc/arm-none-eabi/10.2.0/../../../../arm-none-eabi/lib/thumb/v7e-m/nofp\libc.a(lib_a-closer.o)
                0x000016d0                _close_r
 .text._fclose_r
                0x000016f0       0x74 e:/nxp/s32ds/build_tools/gcc_v10.2/gcc-10.2-arm32-eabi/bin/../lib/gcc/arm-none-eabi/10.2.0/../../../../arm-none-eabi/lib/thumb/v7e-m/nofp\libc.a(lib_a-fclose.o)
                0x000016f0                _fclose_r
 .text.__sflush_r
                0x00001764      0x114 e:/nxp/s32ds/build_tools/gcc_v10.2/gcc-10.2-arm32-eabi/bin/../lib/gcc/arm-none-eabi/10.2.0/../../../../arm-none-eabi/lib/thumb/v7e-m/nofp\libc.a(lib_a-fflush.o)
                0x00001764                __sflush_r
 .text._malloc_trim_r
                0x00001878       0xa0 e:/nxp/s32ds/build_tools/gcc_v10.2/gcc-10.2-arm32-eabi/bin/../lib/gcc/arm-none-eabi/10.2.0/../../../../arm-none-eabi/lib/thumb/v7e-m/nofp\libc.a(lib_a-freer.o)
                0x00001878                _malloc_trim_r
 .text._free_r  0x00001918      0x180 e:/nxp/s32ds/build_tools/gcc_v10.2/gcc-10.2-arm32-eabi/bin/../lib/gcc/arm-none-eabi/10.2.0/../../../../arm-none-eabi/lib/thumb/v7e-m/nofp\libc.a(lib_a-freer.o)
                0x00001918                _free_r
 .text._lseek_r
                0x00001a98       0x24 e:/nxp/s32ds/build_tools/gcc_v10.2/gcc-10.2-arm32-eabi/bin/../lib/gcc/arm-none-eabi/10.2.0/../../../../arm-none-eabi/lib/thumb/v7e-m/nofp\libc.a(lib_a-lseekr.o)
                0x00001a98                _lseek_r
 .text._read_r  0x00001abc       0x24 e:/nxp/s32ds/build_tools/gcc_v10.2/gcc-10.2-arm32-eabi/bin/../lib/gcc/arm-none-eabi/10.2.0/../../../../arm-none-eabi/lib/thumb/v7e-m/nofp\libc.a(lib_a-readr.o)
                0x00001abc                _read_r
 *(.rodata)
 *(.rodata*)
 .rodata.pin_table
                0x00001ae0        0x8 ./src/driver_gpio.o
                0x00001ae0                pin_table
 .rodata.Driver_GPIO0
                0x00001ae8       0x1c ./src/driver_gpio.o
                0x00001ae8                Driver_GPIO0
 .rodata._global_impure_ptr
                0x00001b04        0x4 e:/nxp/s32ds/build_tools/gcc_v10.2/gcc-10.2-arm32-eabi/bin/../lib/gcc/arm-none-eabi/10.2.0/../../../../arm-none-eabi/lib/thumb/v7e-m/nofp\libc.a(lib_a-impure.o)
                0x00001b04                _global_impure_ptr
 .rodata._get_semihosting_exts.str1.1
                0x00001b08       0x16 e:/nxp/s32ds/build_tools/gcc_v10.2/gcc-10.2-arm32-eabi/bin/../lib/gcc/arm-none-eabi/10.2.0/../../../../arm-none-eabi/lib/thumb/v7e-m/nofp\librdimon.a(rdimon-syscalls.o)
 .rodata.initialise_monitor_handles.str1.1
                0x00001b1e        0x4 e:/nxp/s32ds/build_tools/gcc_v10.2/gcc-10.2-arm32-eabi/bin/../lib/gcc/arm-none-eabi/10.2.0/../../../../arm-none-eabi/lib/thumb/v7e-m/nofp\librdimon.a(rdimon-syscalls.o)
 *(.glue_7)
 .glue_7        0x00001b22        0x0 linker stubs
 *(.glue_7t)
 .glue_7t       0x00001b22        0x0 linker stubs
 *(.eh_frame)
 *fill*         0x00001b22        0x2 
 .eh_frame      0x00001b24        0x0 e:/nxp/s32ds/build_tools/gcc_v10.2/gcc-10.2-arm32-eabi/bin/../lib/gcc/arm-none-eabi/10.2.0/thumb/v7e-m/nofp/crtbegin.o
 *(.init)
 .init          0x00001b24        0x4 e:/nxp/s32ds/build_tools/gcc_v10.2/gcc-10.2-arm32-eabi/bin/../lib/gcc/arm-none-eabi/10.2.0/thumb/v7e-m/nofp/crti.o
                0x00001b24                _init
 .init          0x00001b28        0x8 e:/nxp/s32ds/build_tools/gcc_v10.2/gcc-10.2-arm32-eabi/bin/../lib/gcc/arm-none-eabi/10.2.0/thumb/v7e-m/nofp/crtn.o
 *(.fini)
 .fini          0x00001b30        0x4 e:/nxp/s32ds/build_tools/gcc_v10.2/gcc-10.2-arm32-eabi/bin/../lib/gcc/arm-none-eabi/10.2.0/thumb/v7e-m/nofp/crti.o
                0x00001b30                _fini
 .fini          0x00001b34        0x8 e:/nxp/s32ds/build_tools/gcc_v10.2/gcc-10.2-arm32-eabi/bin/../lib/gcc/arm-none-eabi/10.2.0/thumb/v7e-m/nofp/crtn.o
                0x00001b3c                . = ALIGN (0x4)

.vfp11_veneer   0x00001b3c        0x0
 .vfp11_veneer  0x00001b3c        0x0 linker stubs

.v4_bx          0x00001b3c        0x0
 .v4_bx         0x00001b3c        0x0 linker stubs

.iplt           0x00001b3c        0x0
 .iplt          0x00001b3c        0x0 e:/nxp/s32ds/build_tools/gcc_v10.2/gcc-10.2-arm32-eabi/bin/../lib/gcc/arm-none-eabi/10.2.0/thumb/v7e-m/nofp/crtbegin.o

.ARM.extab
 *(.ARM.extab* .gnu.linkonce.armextab.*)

.ARM            0x00001b3c        0x8
                0x00001b3c                __exidx_start = .
 *(.ARM.exidx*)
 .ARM.exidx     0x00001b3c        0x8 e:/nxp/s32ds/build_tools/gcc_v10.2/gcc-10.2-arm32-eabi/bin/../lib/gcc/arm-none-eabi/10.2.0/../../../../arm-none-eabi/lib/thumb/v7e-m/nofp/rdimon-crt0.o
                                 0x10 (size before relaxing)
                0x00001b44                __exidx_end = .

.rel.dyn        0x00001b44        0x0
 .rel.iplt      0x00001b44        0x0 e:/nxp/s32ds/build_tools/gcc_v10.2/gcc-10.2-arm32-eabi/bin/../lib/gcc/arm-none-eabi/10.2.0/thumb/v7e-m/nofp/crtbegin.o

.ctors          0x00001b44        0x0
                0x00001b44                __CTOR_LIST__ = .
 *crtbegin.o(.ctors)
 *crtbegin?.o(.ctors)
 *(EXCLUDE_FILE(*crtend.o *crtend?.o) .ctors)
 *(SORT_BY_NAME(.ctors.*))
 *(.ctors)
                0x00001b44                __CTOR_END__ = .

.dtors          0x00001b44        0x0
                0x00001b44                __DTOR_LIST__ = .
 *crtbegin.o(.dtors)
 *crtbegin?.o(.dtors)
 *(EXCLUDE_FILE(*crtend.o *crtend?.o) .dtors)
 *(SORT_BY_NAME(.dtors.*))
 *(.dtors)
                0x00001b44                __DTOR_END__ = .

.preinit_array  0x00001b44        0x0
                0x00001b44                PROVIDE (__preinit_array_start = .)
 *(.preinit_array*)
                0x00001b44                PROVIDE (__preinit_array_end = .)

.init_array     0x00001b44        0x8
                0x00001b44                PROVIDE (__init_array_start = .)
 *(SORT_BY_NAME(.init_array.*))
 .init_array.00000
                0x00001b44        0x4 e:/nxp/s32ds/build_tools/gcc_v10.2/gcc-10.2-arm32-eabi/bin/../lib/gcc/arm-none-eabi/10.2.0/../../../../arm-none-eabi/lib/thumb/v7e-m/nofp\libc.a(lib_a-__call_atexit.o)
 *(.init_array*)
 .init_array    0x00001b48        0x4 e:/nxp/s32ds/build_tools/gcc_v10.2/gcc-10.2-arm32-eabi/bin/../lib/gcc/arm-none-eabi/10.2.0/thumb/v7e-m/nofp/crtbegin.o
                0x00001b4c                PROVIDE (__init_array_end = .)

.fini_array     0x00001b4c        0x4
                0x00001b4c                PROVIDE (__fini_array_start = .)
 *(SORT_BY_NAME(.fini_array.*))
 *(.fini_array*)
 .fini_array    0x00001b4c        0x4 e:/nxp/s32ds/build_tools/gcc_v10.2/gcc-10.2-arm32-eabi/bin/../lib/gcc/arm-none-eabi/10.2.0/thumb/v7e-m/nofp/crtbegin.o
                0x00001b50                PROVIDE (__fini_array_end = .)
                0x00001b50                __etext = .
                0x00001b50                __DATA_ROM = .

.interrupts_ram
                0x1fff8000      0x400
                0x1fff8000                . = ALIGN (0x4)
                0x1fff8000                __VECTOR_RAM__ = .
                0x1fff8000                __RAM_START = .
                0x1fff8000                __interrupts_ram_start__ = .
 *(.m_interrupts_ram)
                0x1fff8400                . = (. + M_VECTOR_RAM_SIZE)
 *fill*         0x1fff8000      0x400 
                0x1fff8400                . = ALIGN (0x4)
                0x1fff8400                __interrupts_ram_end__ = .
                0x1fff8000                __VECTOR_RAM = DEFINED (__flash_vector_table__)?ORIGIN (m_interrupts):__VECTOR_RAM__
                0x00000400                __RAM_VECTOR_TABLE_SIZE = DEFINED (__flash_vector_table__)?0x0:(__interrupts_ram_end__ - __interrupts_ram_start__)

.data           0x1fff8400      0x954 load address 0x00001b50
                0x1fff8400                . = ALIGN (0x4)
                0x1fff8400                __DATA_RAM = .
                0x1fff8400                __data_start__ = .
 *(.data)
 .data          0x1fff8400      0x118 e:/nxp/s32ds/build_tools/gcc_v10.2/gcc-10.2-arm32-eabi/bin/../lib/gcc/arm-none-eabi/10.2.0/../../../../arm-none-eabi/lib/thumb/v7e-m/nofp/rdimon-crt0.o
                0x1fff8408                __stack_base__
 *(.data*)
 .data._impure_ptr
                0x1fff8518        0x4 e:/nxp/s32ds/build_tools/gcc_v10.2/gcc-10.2-arm32-eabi/bin/../lib/gcc/arm-none-eabi/10.2.0/../../../../arm-none-eabi/lib/thumb/v7e-m/nofp\libc.a(lib_a-impure.o)
                0x1fff8518                _impure_ptr
 *fill*         0x1fff851c        0x4 
 .data.impure_data
                0x1fff8520      0x418 e:/nxp/s32ds/build_tools/gcc_v10.2/gcc-10.2-arm32-eabi/bin/../lib/gcc/arm-none-eabi/10.2.0/../../../../arm-none-eabi/lib/thumb/v7e-m/nofp\libc.a(lib_a-impure.o)
 .data.__heap_limit
                0x1fff8938        0x4 e:/nxp/s32ds/build_tools/gcc_v10.2/gcc-10.2-arm32-eabi/bin/../lib/gcc/arm-none-eabi/10.2.0/../../../../arm-none-eabi/lib/thumb/v7e-m/nofp\librdimon.a(rdimon-syscalls.o)
 .data.supports_ext_exit_extended
                0x1fff893c        0x4 e:/nxp/s32ds/build_tools/gcc_v10.2/gcc-10.2-arm32-eabi/bin/../lib/gcc/arm-none-eabi/10.2.0/../../../../arm-none-eabi/lib/thumb/v7e-m/nofp\librdimon.a(rdimon-syscalls.o)
 .data.supports_ext_stdout_stderr
                0x1fff8940        0x4 e:/nxp/s32ds/build_tools/gcc_v10.2/gcc-10.2-arm32-eabi/bin/../lib/gcc/arm-none-eabi/10.2.0/../../../../arm-none-eabi/lib/thumb/v7e-m/nofp\librdimon.a(rdimon-syscalls.o)
 .data.__malloc_av_
                0x1fff8944      0x408 e:/nxp/s32ds/build_tools/gcc_v10.2/gcc-10.2-arm32-eabi/bin/../lib/gcc/arm-none-eabi/10.2.0/../../../../arm-none-eabi/lib/thumb/v7e-m/nofp\libc.a(lib_a-mallocr.o)
                0x1fff8944                __malloc_av_
 .data.__malloc_sbrk_base
                0x1fff8d4c        0x4 e:/nxp/s32ds/build_tools/gcc_v10.2/gcc-10.2-arm32-eabi/bin/../lib/gcc/arm-none-eabi/10.2.0/../../../../arm-none-eabi/lib/thumb/v7e-m/nofp\libc.a(lib_a-mallocr.o)
                0x1fff8d4c                __malloc_sbrk_base
 .data.__malloc_trim_threshold
                0x1fff8d50        0x4 e:/nxp/s32ds/build_tools/gcc_v10.2/gcc-10.2-arm32-eabi/bin/../lib/gcc/arm-none-eabi/10.2.0/../../../../arm-none-eabi/lib/thumb/v7e-m/nofp\libc.a(lib_a-mallocr.o)
                0x1fff8d50                __malloc_trim_threshold
 *(.jcr*)
                0x1fff8d54                . = ALIGN (0x4)
                0x1fff8d54                __data_end__ = .
                0x000024a4                __DATA_END = (__DATA_ROM + (__data_end__ - __data_start__))
                0x000024a4                __CODE_ROM = __DATA_END

.tm_clone_table
                0x1fff8d54        0x0 load address 0x000024a4
 .tm_clone_table
                0x1fff8d54        0x0 e:/nxp/s32ds/build_tools/gcc_v10.2/gcc-10.2-arm32-eabi/bin/../lib/gcc/arm-none-eabi/10.2.0/thumb/v7e-m/nofp/crtbegin.o
 .tm_clone_table
                0x1fff8d54        0x0 e:/nxp/s32ds/build_tools/gcc_v10.2/gcc-10.2-arm32-eabi/bin/../lib/gcc/arm-none-eabi/10.2.0/thumb/v7e-m/nofp/crtend.o

.igot.plt       0x1fff8d54        0x0 load address 0x000024a4
 .igot.plt      0x1fff8d54        0x0 e:/nxp/s32ds/build_tools/gcc_v10.2/gcc-10.2-arm32-eabi/bin/../lib/gcc/arm-none-eabi/10.2.0/thumb/v7e-m/nofp/crtbegin.o

.code           0x1fff8d54        0x0 load address 0x000024a4
                0x1fff8d54                . = ALIGN (0x4)
                0x1fff8d54                __CODE_RAM = .
                0x1fff8d54                __code_start__ = .
                0x1fff8d54                __code_ram_start__ = .
 *(.code_ram)
                0x1fff8d54                . = ALIGN (0x4)
                0x1fff8d54                __code_end__ = .
                0x1fff8d54                __code_ram_end__ = .
                0x000024a4                __CODE_END = (__CODE_ROM + (__code_end__ - __code_start__))
                0x000024a4                __CUSTOM_ROM = __CODE_END

.customSectionBlock
                0x20000000        0x0 load address 0x000024a4
                0x20000000                __customSection_start__ = .
 *(.customSection)
                0x20000000                __customSection_end__ = .
                0x000024a4                __CUSTOM_END = (__CUSTOM_ROM + (__customSection_end__ - __customSection_start__))

.bss            0x20000000      0x1d0
                0x20000000                . = ALIGN (0x4)
                0x20000000                __BSS_START = .
                0x20000000                __bss_start__ = .
 *(.bss)
 .bss           0x20000000       0x1c e:/nxp/s32ds/build_tools/gcc_v10.2/gcc-10.2-arm32-eabi/bin/../lib/gcc/arm-none-eabi/10.2.0/thumb/v7e-m/nofp/crtbegin.o
 *(.bss*)
 .bss.port_callbacks
                0x2000001c       0x14 ./src/driver_gpio.o
 .bss.pin_map   0x20000030       0xa0 ./src/driver_gpio.o
 .bss.initialized.2
                0x200000d0        0x1 ./src/driver_gpio.o
 *fill*         0x200000d1        0x3 
 .bss.red_state.1
                0x200000d4        0x4 ./src/driver_gpio.o
 .bss.green_state.0
                0x200000d8        0x4 ./src/driver_gpio.o
 .bss.port_callbacks
                0x200000dc       0x14 ./src/driver_port.o
 .bss.heap_end.0
                0x200000f0        0x4 e:/nxp/s32ds/build_tools/gcc_v10.2/gcc-10.2-arm32-eabi/bin/../lib/gcc/arm-none-eabi/10.2.0/../../../../arm-none-eabi/lib/thumb/v7e-m/nofp\librdimon.a(rdimon-syscalls.o)
 .bss.monitor_stderr
                0x200000f4        0x4 e:/nxp/s32ds/build_tools/gcc_v10.2/gcc-10.2-arm32-eabi/bin/../lib/gcc/arm-none-eabi/10.2.0/../../../../arm-none-eabi/lib/thumb/v7e-m/nofp\librdimon.a(rdimon-syscalls.o)
 .bss.monitor_stdin
                0x200000f8        0x4 e:/nxp/s32ds/build_tools/gcc_v10.2/gcc-10.2-arm32-eabi/bin/../lib/gcc/arm-none-eabi/10.2.0/../../../../arm-none-eabi/lib/thumb/v7e-m/nofp\librdimon.a(rdimon-syscalls.o)
 .bss.monitor_stdout
                0x200000fc        0x4 e:/nxp/s32ds/build_tools/gcc_v10.2/gcc-10.2-arm32-eabi/bin/../lib/gcc/arm-none-eabi/10.2.0/../../../../arm-none-eabi/lib/thumb/v7e-m/nofp\librdimon.a(rdimon-syscalls.o)
 .bss.openfiles
                0x20000100       0xa0 e:/nxp/s32ds/build_tools/gcc_v10.2/gcc-10.2-arm32-eabi/bin/../lib/gcc/arm-none-eabi/10.2.0/../../../../arm-none-eabi/lib/thumb/v7e-m/nofp\librdimon.a(rdimon-syscalls.o)
 .bss.__malloc_current_mallinfo
                0x200001a0       0x28 e:/nxp/s32ds/build_tools/gcc_v10.2/gcc-10.2-arm32-eabi/bin/../lib/gcc/arm-none-eabi/10.2.0/../../../../arm-none-eabi/lib/thumb/v7e-m/nofp\libc.a(lib_a-mallocr.o)
                0x200001a0                __malloc_current_mallinfo
 .bss.__malloc_top_pad
                0x200001c8        0x4 e:/nxp/s32ds/build_tools/gcc_v10.2/gcc-10.2-arm32-eabi/bin/../lib/gcc/arm-none-eabi/10.2.0/../../../../arm-none-eabi/lib/thumb/v7e-m/nofp\libc.a(lib_a-mallocr.o)
                0x200001c8                __malloc_top_pad
 .bss.errno     0x200001cc        0x4 e:/nxp/s32ds/build_tools/gcc_v10.2/gcc-10.2-arm32-eabi/bin/../lib/gcc/arm-none-eabi/10.2.0/../../../../arm-none-eabi/lib/thumb/v7e-m/nofp\libc.a(lib_a-reent.o)
                0x200001cc                errno
 *(COMMON)
                0x200001d0                . = ALIGN (0x4)
                0x200001d0                __bss_end__ = .
                0x200001d0                __BSS_END = .

.heap           0x200001d0      0x400
                0x200001d0                . = ALIGN (0x8)
                0x200001d0                __end__ = .
                0x200001d0                __heap_start__ = .
                0x200001d0                PROVIDE (end = .)
                [!provide]                PROVIDE (_end = .)
                [!provide]                PROVIDE (__end = .)
                0x200001d0                __HeapBase = .
                0x200005d0                . = (. + HEAP_SIZE)
 *fill*         0x200001d0      0x400 
                0x200005d0                __HeapLimit = .
                0x200005d0                __heap_limit = .
                0x200005d0                __heap_end__ = .
                0x20007000                __StackTop = (ORIGIN (m_data_2) + LENGTH (m_data_2))
                0x20006c00                __StackLimit = (__StackTop - STACK_SIZE)
                0x20007000                PROVIDE (__stack = __StackTop)
                0x20007000                __RAM_END = __StackTop

.stack          0x20006c00      0x400
                0x20006c00                . = ALIGN (0x8)
                0x20006c00                __stack_start__ = .
                0x20007000                . = (. + STACK_SIZE)
 *fill*         0x20006c00      0x400 
                0x20007000                __stack_end__ = .
                0x20000000                __START_BSS = __BSS_START
                0x200001d0                __END_BSS = __BSS_END
                0x20007000                __SP_INIT = __StackTop

.ARM.attributes
                0x00000000       0x2a
 *(.ARM.attributes)
 .ARM.attributes
                0x00000000       0x1e e:/nxp/s32ds/build_tools/gcc_v10.2/gcc-10.2-arm32-eabi/bin/../lib/gcc/arm-none-eabi/10.2.0/thumb/v7e-m/nofp/crti.o
 .ARM.attributes
                0x0000001e       0x2e e:/nxp/s32ds/build_tools/gcc_v10.2/gcc-10.2-arm32-eabi/bin/../lib/gcc/arm-none-eabi/10.2.0/thumb/v7e-m/nofp/crtbegin.o
 .ARM.attributes
                0x0000004c       0x1c e:/nxp/s32ds/build_tools/gcc_v10.2/gcc-10.2-arm32-eabi/bin/../lib/gcc/arm-none-eabi/10.2.0/../../../../arm-none-eabi/lib/thumb/v7e-m/nofp/rdimon-crt0.o
 .ARM.attributes
                0x00000068       0x2e ./Project_Settings/Startup_Code/startup.o
 .ARM.attributes
                0x00000096       0x1b ./Project_Settings/Startup_Code/startup_S32K144.o
 .ARM.attributes
                0x000000b1       0x2e ./Project_Settings/Startup_Code/system_S32K144.o
 .ARM.attributes
                0x000000df       0x2e ./src/driver_gpio.o
 .ARM.attributes
                0x0000010d       0x2e ./src/driver_port.o
 .ARM.attributes
                0x0000013b       0x2e ./src/main.o
 .ARM.attributes
                0x00000169       0x2e e:/nxp/s32ds/build_tools/gcc_v10.2/gcc-10.2-arm32-eabi/bin/../lib/gcc/arm-none-eabi/10.2.0/../../../../arm-none-eabi/lib/thumb/v7e-m/nofp\libc.a(lib_a-exit.o)
 .ARM.attributes
                0x00000197       0x2e e:/nxp/s32ds/build_tools/gcc_v10.2/gcc-10.2-arm32-eabi/bin/../lib/gcc/arm-none-eabi/10.2.0/../../../../arm-none-eabi/lib/thumb/v7e-m/nofp\libc.a(lib_a-impure.o)
 .ARM.attributes
                0x000001c5       0x2e e:/nxp/s32ds/build_tools/gcc_v10.2/gcc-10.2-arm32-eabi/bin/../lib/gcc/arm-none-eabi/10.2.0/../../../../arm-none-eabi/lib/thumb/v7e-m/nofp\libc.a(lib_a-init.o)
 .ARM.attributes
                0x000001f3       0x2e e:/nxp/s32ds/build_tools/gcc_v10.2/gcc-10.2-arm32-eabi/bin/../lib/gcc/arm-none-eabi/10.2.0/../../../../arm-none-eabi/lib/thumb/v7e-m/nofp\libc.a(lib_a-memset.o)
 .ARM.attributes
                0x00000221       0x2e e:/nxp/s32ds/build_tools/gcc_v10.2/gcc-10.2-arm32-eabi/bin/../lib/gcc/arm-none-eabi/10.2.0/../../../../arm-none-eabi/lib/thumb/v7e-m/nofp\libc.a(lib_a-__call_atexit.o)
 .ARM.attributes
                0x0000024f       0x2e e:/nxp/s32ds/build_tools/gcc_v10.2/gcc-10.2-arm32-eabi/bin/../lib/gcc/arm-none-eabi/10.2.0/../../../../arm-none-eabi/lib/thumb/v7e-m/nofp\libc.a(lib_a-fini.o)
 .ARM.attributes
                0x0000027d       0x2e e:/nxp/s32ds/build_tools/gcc_v10.2/gcc-10.2-arm32-eabi/bin/../lib/gcc/arm-none-eabi/10.2.0/../../../../arm-none-eabi/lib/thumb/v7e-m/nofp\libc.a(lib_a-atexit.o)
 .ARM.attributes
                0x000002ab       0x2e e:/nxp/s32ds/build_tools/gcc_v10.2/gcc-10.2-arm32-eabi/bin/../lib/gcc/arm-none-eabi/10.2.0/../../../../arm-none-eabi/lib/thumb/v7e-m/nofp\libc.a(lib_a-__atexit.o)
 .ARM.attributes
                0x000002d9       0x2e e:/nxp/s32ds/build_tools/gcc_v10.2/gcc-10.2-arm32-eabi/bin/../lib/gcc/arm-none-eabi/10.2.0/../../../../arm-none-eabi/lib/thumb/v7e-m/nofp\librdimon.a(rdimon-syscalls.o)
 .ARM.attributes
                0x00000307       0x2e e:/nxp/s32ds/build_tools/gcc_v10.2/gcc-10.2-arm32-eabi/bin/../lib/gcc/arm-none-eabi/10.2.0/../../../../arm-none-eabi/lib/thumb/v7e-m/nofp\librdimon.a(rdimon-_exit.o)
 .ARM.attributes
                0x00000335       0x2e e:/nxp/s32ds/build_tools/gcc_v10.2/gcc-10.2-arm32-eabi/bin/../lib/gcc/arm-none-eabi/10.2.0/../../../../arm-none-eabi/lib/thumb/v7e-m/nofp\librdimon.a(rdimon-_kill.o)
 .ARM.attributes
                0x00000363       0x2e e:/nxp/s32ds/build_tools/gcc_v10.2/gcc-10.2-arm32-eabi/bin/../lib/gcc/arm-none-eabi/10.2.0/../../../../arm-none-eabi/lib/thumb/v7e-m/nofp\libc.a(lib_a-errno.o)
 .ARM.attributes
                0x00000391       0x2e e:/nxp/s32ds/build_tools/gcc_v10.2/gcc-10.2-arm32-eabi/bin/../lib/gcc/arm-none-eabi/10.2.0/../../../../arm-none-eabi/lib/thumb/v7e-m/nofp\libc.a(lib_a-findfp.o)
 .ARM.attributes
                0x000003bf       0x2e e:/nxp/s32ds/build_tools/gcc_v10.2/gcc-10.2-arm32-eabi/bin/../lib/gcc/arm-none-eabi/10.2.0/../../../../arm-none-eabi/lib/thumb/v7e-m/nofp\libc.a(lib_a-fwalk.o)
 .ARM.attributes
                0x000003ed       0x2e e:/nxp/s32ds/build_tools/gcc_v10.2/gcc-10.2-arm32-eabi/bin/../lib/gcc/arm-none-eabi/10.2.0/../../../../arm-none-eabi/lib/thumb/v7e-m/nofp\libc.a(lib_a-mallocr.o)
 .ARM.attributes
                0x0000041b       0x2e e:/nxp/s32ds/build_tools/gcc_v10.2/gcc-10.2-arm32-eabi/bin/../lib/gcc/arm-none-eabi/10.2.0/../../../../arm-none-eabi/lib/thumb/v7e-m/nofp\libc.a(lib_a-mlock.o)
 .ARM.attributes
                0x00000449       0x2e e:/nxp/s32ds/build_tools/gcc_v10.2/gcc-10.2-arm32-eabi/bin/../lib/gcc/arm-none-eabi/10.2.0/../../../../arm-none-eabi/lib/thumb/v7e-m/nofp\libc.a(lib_a-sbrkr.o)
 .ARM.attributes
                0x00000477       0x2e e:/nxp/s32ds/build_tools/gcc_v10.2/gcc-10.2-arm32-eabi/bin/../lib/gcc/arm-none-eabi/10.2.0/../../../../arm-none-eabi/lib/thumb/v7e-m/nofp\libc.a(lib_a-stdio.o)
 .ARM.attributes
                0x000004a5       0x17 e:/nxp/s32ds/build_tools/gcc_v10.2/gcc-10.2-arm32-eabi/bin/../lib/gcc/arm-none-eabi/10.2.0/../../../../arm-none-eabi/lib/thumb/v7e-m/nofp\libc.a(lib_a-strlen.o)
 .ARM.attributes
                0x000004bc       0x2e e:/nxp/s32ds/build_tools/gcc_v10.2/gcc-10.2-arm32-eabi/bin/../lib/gcc/arm-none-eabi/10.2.0/../../../../arm-none-eabi/lib/thumb/v7e-m/nofp\libc.a(lib_a-writer.o)
 .ARM.attributes
                0x000004ea       0x2e e:/nxp/s32ds/build_tools/gcc_v10.2/gcc-10.2-arm32-eabi/bin/../lib/gcc/arm-none-eabi/10.2.0/../../../../arm-none-eabi/lib/thumb/v7e-m/nofp\libc.a(lib_a-closer.o)
 .ARM.attributes
                0x00000518       0x2e e:/nxp/s32ds/build_tools/gcc_v10.2/gcc-10.2-arm32-eabi/bin/../lib/gcc/arm-none-eabi/10.2.0/../../../../arm-none-eabi/lib/thumb/v7e-m/nofp\libc.a(lib_a-fclose.o)
 .ARM.attributes
                0x00000546       0x2e e:/nxp/s32ds/build_tools/gcc_v10.2/gcc-10.2-arm32-eabi/bin/../lib/gcc/arm-none-eabi/10.2.0/../../../../arm-none-eabi/lib/thumb/v7e-m/nofp\libc.a(lib_a-fflush.o)
 .ARM.attributes
                0x00000574       0x2e e:/nxp/s32ds/build_tools/gcc_v10.2/gcc-10.2-arm32-eabi/bin/../lib/gcc/arm-none-eabi/10.2.0/../../../../arm-none-eabi/lib/thumb/v7e-m/nofp\libc.a(lib_a-freer.o)
 .ARM.attributes
                0x000005a2       0x2e e:/nxp/s32ds/build_tools/gcc_v10.2/gcc-10.2-arm32-eabi/bin/../lib/gcc/arm-none-eabi/10.2.0/../../../../arm-none-eabi/lib/thumb/v7e-m/nofp\libc.a(lib_a-lseekr.o)
 .ARM.attributes
                0x000005d0       0x2e e:/nxp/s32ds/build_tools/gcc_v10.2/gcc-10.2-arm32-eabi/bin/../lib/gcc/arm-none-eabi/10.2.0/../../../../arm-none-eabi/lib/thumb/v7e-m/nofp\libc.a(lib_a-readr.o)
 .ARM.attributes
                0x000005fe       0x2e e:/nxp/s32ds/build_tools/gcc_v10.2/gcc-10.2-arm32-eabi/bin/../lib/gcc/arm-none-eabi/10.2.0/../../../../arm-none-eabi/lib/thumb/v7e-m/nofp\libc.a(lib_a-reent.o)
 .ARM.attributes
                0x0000062c       0x2e e:/nxp/s32ds/build_tools/gcc_v10.2/gcc-10.2-arm32-eabi/bin/../lib/gcc/arm-none-eabi/10.2.0/thumb/v7e-m/nofp/crtend.o
 .ARM.attributes
                0x0000065a       0x1e e:/nxp/s32ds/build_tools/gcc_v10.2/gcc-10.2-arm32-eabi/bin/../lib/gcc/arm-none-eabi/10.2.0/thumb/v7e-m/nofp/crtn.o
                0x00000001                ASSERT ((__StackLimit >= __HeapLimit), region m_data_2 overflowed with stack and heap)
OUTPUT(Assignmnt_01_V2.elf elf32-littlearm)
LOAD linker stubs

.comment        0x00000000       0x88
 .comment       0x00000000       0x88 e:/nxp/s32ds/build_tools/gcc_v10.2/gcc-10.2-arm32-eabi/bin/../lib/gcc/arm-none-eabi/10.2.0/thumb/v7e-m/nofp/crtbegin.o
                                 0x89 (size before relaxing)
 .comment       0x00000088       0x89 ./Project_Settings/Startup_Code/startup.o
 .comment       0x00000088       0x89 ./Project_Settings/Startup_Code/system_S32K144.o
 .comment       0x00000088       0x89 ./src/driver_gpio.o
 .comment       0x00000088       0x89 ./src/driver_port.o
 .comment       0x00000088       0x89 ./src/main.o
 .comment       0x00000088       0x89 e:/nxp/s32ds/build_tools/gcc_v10.2/gcc-10.2-arm32-eabi/bin/../lib/gcc/arm-none-eabi/10.2.0/../../../../arm-none-eabi/lib/thumb/v7e-m/nofp\libc.a(lib_a-exit.o)
 .comment       0x00000088       0x89 e:/nxp/s32ds/build_tools/gcc_v10.2/gcc-10.2-arm32-eabi/bin/../lib/gcc/arm-none-eabi/10.2.0/../../../../arm-none-eabi/lib/thumb/v7e-m/nofp\libc.a(lib_a-impure.o)
 .comment       0x00000088       0x89 e:/nxp/s32ds/build_tools/gcc_v10.2/gcc-10.2-arm32-eabi/bin/../lib/gcc/arm-none-eabi/10.2.0/../../../../arm-none-eabi/lib/thumb/v7e-m/nofp\libc.a(lib_a-init.o)
 .comment       0x00000088       0x89 e:/nxp/s32ds/build_tools/gcc_v10.2/gcc-10.2-arm32-eabi/bin/../lib/gcc/arm-none-eabi/10.2.0/../../../../arm-none-eabi/lib/thumb/v7e-m/nofp\libc.a(lib_a-memset.o)
 .comment       0x00000088       0x89 e:/nxp/s32ds/build_tools/gcc_v10.2/gcc-10.2-arm32-eabi/bin/../lib/gcc/arm-none-eabi/10.2.0/../../../../arm-none-eabi/lib/thumb/v7e-m/nofp\libc.a(lib_a-__call_atexit.o)
 .comment       0x00000088       0x89 e:/nxp/s32ds/build_tools/gcc_v10.2/gcc-10.2-arm32-eabi/bin/../lib/gcc/arm-none-eabi/10.2.0/../../../../arm-none-eabi/lib/thumb/v7e-m/nofp\libc.a(lib_a-fini.o)
 .comment       0x00000088       0x89 e:/nxp/s32ds/build_tools/gcc_v10.2/gcc-10.2-arm32-eabi/bin/../lib/gcc/arm-none-eabi/10.2.0/../../../../arm-none-eabi/lib/thumb/v7e-m/nofp\libc.a(lib_a-atexit.o)
 .comment       0x00000088       0x89 e:/nxp/s32ds/build_tools/gcc_v10.2/gcc-10.2-arm32-eabi/bin/../lib/gcc/arm-none-eabi/10.2.0/../../../../arm-none-eabi/lib/thumb/v7e-m/nofp\libc.a(lib_a-__atexit.o)
 .comment       0x00000088       0x89 e:/nxp/s32ds/build_tools/gcc_v10.2/gcc-10.2-arm32-eabi/bin/../lib/gcc/arm-none-eabi/10.2.0/../../../../arm-none-eabi/lib/thumb/v7e-m/nofp\librdimon.a(rdimon-syscalls.o)
 .comment       0x00000088       0x89 e:/nxp/s32ds/build_tools/gcc_v10.2/gcc-10.2-arm32-eabi/bin/../lib/gcc/arm-none-eabi/10.2.0/../../../../arm-none-eabi/lib/thumb/v7e-m/nofp\librdimon.a(rdimon-_exit.o)
 .comment       0x00000088       0x89 e:/nxp/s32ds/build_tools/gcc_v10.2/gcc-10.2-arm32-eabi/bin/../lib/gcc/arm-none-eabi/10.2.0/../../../../arm-none-eabi/lib/thumb/v7e-m/nofp\librdimon.a(rdimon-_kill.o)
 .comment       0x00000088       0x89 e:/nxp/s32ds/build_tools/gcc_v10.2/gcc-10.2-arm32-eabi/bin/../lib/gcc/arm-none-eabi/10.2.0/../../../../arm-none-eabi/lib/thumb/v7e-m/nofp\libc.a(lib_a-errno.o)
 .comment       0x00000088       0x89 e:/nxp/s32ds/build_tools/gcc_v10.2/gcc-10.2-arm32-eabi/bin/../lib/gcc/arm-none-eabi/10.2.0/../../../../arm-none-eabi/lib/thumb/v7e-m/nofp\libc.a(lib_a-findfp.o)
 .comment       0x00000088       0x89 e:/nxp/s32ds/build_tools/gcc_v10.2/gcc-10.2-arm32-eabi/bin/../lib/gcc/arm-none-eabi/10.2.0/../../../../arm-none-eabi/lib/thumb/v7e-m/nofp\libc.a(lib_a-fwalk.o)
 .comment       0x00000088       0x89 e:/nxp/s32ds/build_tools/gcc_v10.2/gcc-10.2-arm32-eabi/bin/../lib/gcc/arm-none-eabi/10.2.0/../../../../arm-none-eabi/lib/thumb/v7e-m/nofp\libc.a(lib_a-mallocr.o)
 .comment       0x00000088       0x89 e:/nxp/s32ds/build_tools/gcc_v10.2/gcc-10.2-arm32-eabi/bin/../lib/gcc/arm-none-eabi/10.2.0/../../../../arm-none-eabi/lib/thumb/v7e-m/nofp\libc.a(lib_a-mlock.o)
 .comment       0x00000088       0x89 e:/nxp/s32ds/build_tools/gcc_v10.2/gcc-10.2-arm32-eabi/bin/../lib/gcc/arm-none-eabi/10.2.0/../../../../arm-none-eabi/lib/thumb/v7e-m/nofp\libc.a(lib_a-sbrkr.o)
 .comment       0x00000088       0x89 e:/nxp/s32ds/build_tools/gcc_v10.2/gcc-10.2-arm32-eabi/bin/../lib/gcc/arm-none-eabi/10.2.0/../../../../arm-none-eabi/lib/thumb/v7e-m/nofp\libc.a(lib_a-stdio.o)
 .comment       0x00000088       0x89 e:/nxp/s32ds/build_tools/gcc_v10.2/gcc-10.2-arm32-eabi/bin/../lib/gcc/arm-none-eabi/10.2.0/../../../../arm-none-eabi/lib/thumb/v7e-m/nofp\libc.a(lib_a-writer.o)
 .comment       0x00000088       0x89 e:/nxp/s32ds/build_tools/gcc_v10.2/gcc-10.2-arm32-eabi/bin/../lib/gcc/arm-none-eabi/10.2.0/../../../../arm-none-eabi/lib/thumb/v7e-m/nofp\libc.a(lib_a-closer.o)
 .comment       0x00000088       0x89 e:/nxp/s32ds/build_tools/gcc_v10.2/gcc-10.2-arm32-eabi/bin/../lib/gcc/arm-none-eabi/10.2.0/../../../../arm-none-eabi/lib/thumb/v7e-m/nofp\libc.a(lib_a-fclose.o)
 .comment       0x00000088       0x89 e:/nxp/s32ds/build_tools/gcc_v10.2/gcc-10.2-arm32-eabi/bin/../lib/gcc/arm-none-eabi/10.2.0/../../../../arm-none-eabi/lib/thumb/v7e-m/nofp\libc.a(lib_a-fflush.o)
 .comment       0x00000088       0x89 e:/nxp/s32ds/build_tools/gcc_v10.2/gcc-10.2-arm32-eabi/bin/../lib/gcc/arm-none-eabi/10.2.0/../../../../arm-none-eabi/lib/thumb/v7e-m/nofp\libc.a(lib_a-freer.o)
 .comment       0x00000088       0x89 e:/nxp/s32ds/build_tools/gcc_v10.2/gcc-10.2-arm32-eabi/bin/../lib/gcc/arm-none-eabi/10.2.0/../../../../arm-none-eabi/lib/thumb/v7e-m/nofp\libc.a(lib_a-lseekr.o)
 .comment       0x00000088       0x89 e:/nxp/s32ds/build_tools/gcc_v10.2/gcc-10.2-arm32-eabi/bin/../lib/gcc/arm-none-eabi/10.2.0/../../../../arm-none-eabi/lib/thumb/v7e-m/nofp\libc.a(lib_a-readr.o)
 .comment       0x00000088       0x89 e:/nxp/s32ds/build_tools/gcc_v10.2/gcc-10.2-arm32-eabi/bin/../lib/gcc/arm-none-eabi/10.2.0/../../../../arm-none-eabi/lib/thumb/v7e-m/nofp\libc.a(lib_a-reent.o)
 .comment       0x00000088       0x89 e:/nxp/s32ds/build_tools/gcc_v10.2/gcc-10.2-arm32-eabi/bin/../lib/gcc/arm-none-eabi/10.2.0/thumb/v7e-m/nofp/crtend.o

.debug_line     0x00000000     0x137c
 .debug_line    0x00000000       0xd9 e:/nxp/s32ds/build_tools/gcc_v10.2/gcc-10.2-arm32-eabi/bin/../lib/gcc/arm-none-eabi/10.2.0/../../../../arm-none-eabi/lib/thumb/v7e-m/nofp/rdimon-crt0.o
 .debug_line    0x000000d9      0x33e ./Project_Settings/Startup_Code/startup.o
 .debug_line    0x00000417       0x91 ./Project_Settings/Startup_Code/startup_S32K144.o
 .debug_line    0x000004a8      0x373 ./Project_Settings/Startup_Code/system_S32K144.o
 .debug_line    0x0000081b      0x51b ./src/driver_gpio.o
 .debug_line    0x00000d36      0x2c8 ./src/driver_port.o
 .debug_line    0x00000ffe      0x37e ./src/main.o

.debug_info     0x00000000     0x17ab
 .debug_info    0x00000000       0x26 e:/nxp/s32ds/build_tools/gcc_v10.2/gcc-10.2-arm32-eabi/bin/../lib/gcc/arm-none-eabi/10.2.0/../../../../arm-none-eabi/lib/thumb/v7e-m/nofp/rdimon-crt0.o
 .debug_info    0x00000026      0x443 ./Project_Settings/Startup_Code/startup.o
 .debug_info    0x00000469       0x26 ./Project_Settings/Startup_Code/startup_S32K144.o
 .debug_info    0x0000048f      0x567 ./Project_Settings/Startup_Code/system_S32K144.o
 .debug_info    0x000009f6      0x7f6 ./src/driver_gpio.o
 .debug_info    0x000011ec      0x2b1 ./src/driver_port.o
 .debug_info    0x0000149d      0x30e ./src/main.o

.debug_abbrev   0x00000000      0x6f2
 .debug_abbrev  0x00000000       0x14 e:/nxp/s32ds/build_tools/gcc_v10.2/gcc-10.2-arm32-eabi/bin/../lib/gcc/arm-none-eabi/10.2.0/../../../../arm-none-eabi/lib/thumb/v7e-m/nofp/rdimon-crt0.o
 .debug_abbrev  0x00000014      0x11c ./Project_Settings/Startup_Code/startup.o
 .debug_abbrev  0x00000130       0x14 ./Project_Settings/Startup_Code/startup_S32K144.o
 .debug_abbrev  0x00000144      0x13f ./Project_Settings/Startup_Code/system_S32K144.o
 .debug_abbrev  0x00000283      0x23f ./src/driver_gpio.o
 .debug_abbrev  0x000004c2      0x108 ./src/driver_port.o
 .debug_abbrev  0x000005ca      0x128 ./src/main.o

.debug_str      0x00000000    0x627e9
 .debug_str     0x00000000       0xad e:/nxp/s32ds/build_tools/gcc_v10.2/gcc-10.2-arm32-eabi/bin/../lib/gcc/arm-none-eabi/10.2.0/../../../../arm-none-eabi/lib/thumb/v7e-m/nofp/rdimon-crt0.o
 .debug_str     0x000000ad    0x61a5c ./Project_Settings/Startup_Code/startup.o
                              0x61bec (size before relaxing)
 .debug_str     0x00061b09       0x33 ./Project_Settings/Startup_Code/startup_S32K144.o
                                 0x5e (size before relaxing)
 .debug_str     0x00061b3c      0x1f3 ./Project_Settings/Startup_Code/system_S32K144.o
                              0x61a5d (size before relaxing)
 .debug_str     0x00061d2f      0x9ae ./src/driver_gpio.o
                              0x5726e (size before relaxing)
 .debug_str     0x000626dd       0xe4 ./src/driver_port.o
                              0x56cb0 (size before relaxing)
 .debug_str     0x000627c1       0x28 ./src/main.o
                              0x56f83 (size before relaxing)

.debug_aranges  0x00000000      0x150
 .debug_aranges
                0x00000000       0x20 ./Project_Settings/Startup_Code/startup.o
 .debug_aranges
                0x00000020       0x20 ./Project_Settings/Startup_Code/startup_S32K144.o
 .debug_aranges
                0x00000040       0x30 ./Project_Settings/Startup_Code/system_S32K144.o
 .debug_aranges
                0x00000070       0x70 ./src/driver_gpio.o
 .debug_aranges
                0x000000e0       0x48 ./src/driver_port.o
 .debug_aranges
                0x00000128       0x28 ./src/main.o

.debug_ranges   0x00000000       0xe0
 .debug_ranges  0x00000000       0x10 ./Project_Settings/Startup_Code/startup.o
 .debug_ranges  0x00000010       0x20 ./Project_Settings/Startup_Code/system_S32K144.o
 .debug_ranges  0x00000030       0x60 ./src/driver_gpio.o
 .debug_ranges  0x00000090       0x38 ./src/driver_port.o
 .debug_ranges  0x000000c8       0x18 ./src/main.o

.debug_macro    0x00000000    0x1b30e
 .debug_macro   0x00000000       0xb5 ./Project_Settings/Startup_Code/startup.o
 .debug_macro   0x000000b5      0xa60 ./Project_Settings/Startup_Code/startup.o
 .debug_macro   0x00000b15       0x22 ./Project_Settings/Startup_Code/startup.o
 .debug_macro   0x00000b37       0x8e ./Project_Settings/Startup_Code/startup.o
 .debug_macro   0x00000bc5       0x51 ./Project_Settings/Startup_Code/startup.o
 .debug_macro   0x00000c16      0x103 ./Project_Settings/Startup_Code/startup.o
 .debug_macro   0x00000d19       0x6a ./Project_Settings/Startup_Code/startup.o
 .debug_macro   0x00000d83      0x1df ./Project_Settings/Startup_Code/startup.o
 .debug_macro   0x00000f62       0x10 ./Project_Settings/Startup_Code/startup.o
 .debug_macro   0x00000f72       0x78 ./Project_Settings/Startup_Code/startup.o
 .debug_macro   0x00000fea     0xc365 ./Project_Settings/Startup_Code/startup.o
 .debug_macro   0x0000d34f     0x1707 ./Project_Settings/Startup_Code/startup.o
 .debug_macro   0x0000ea56       0x22 ./Project_Settings/Startup_Code/startup.o
 .debug_macro   0x0000ea78       0x40 ./Project_Settings/Startup_Code/startup.o
 .debug_macro   0x0000eab8       0xb4 ./Project_Settings/Startup_Code/system_S32K144.o
 .debug_macro   0x0000eb6c       0x16 ./Project_Settings/Startup_Code/system_S32K144.o
 .debug_macro   0x0000eb82     0xc353 ./Project_Settings/Startup_Code/system_S32K144.o
 .debug_macro   0x0001aed5       0x28 ./Project_Settings/Startup_Code/system_S32K144.o
 .debug_macro   0x0001aefd       0xc4 ./src/driver_gpio.o
 .debug_macro   0x0001afc1      0x174 ./src/driver_gpio.o
 .debug_macro   0x0001b135       0x34 ./src/driver_gpio.o
 .debug_macro   0x0001b169       0x10 ./src/driver_gpio.o
 .debug_macro   0x0001b179       0x4c ./src/driver_gpio.o
 .debug_macro   0x0001b1c5       0x16 ./src/driver_gpio.o
 .debug_macro   0x0001b1db       0x84 ./src/driver_port.o
 .debug_macro   0x0001b25f       0xaf ./src/main.o

.debug_frame    0x00000000      0x3b4
 .debug_frame   0x00000000       0x38 ./Project_Settings/Startup_Code/startup.o
 .debug_frame   0x00000038       0x80 ./Project_Settings/Startup_Code/system_S32K144.o
 .debug_frame   0x000000b8      0x1a8 ./src/driver_gpio.o
 .debug_frame   0x00000260       0xfc ./src/driver_port.o
 .debug_frame   0x0000035c       0x58 ./src/main.o
